0 verbose cli /data/data/com.termux/files/usr/bin/node /data/data/com.termux/files/usr/bin/npm
1 info using npm@11.17.0
2 info using node@v26.3.1
3 silly config load:file:/data/data/com.termux/files/usr/lib/node_modules/npm/npmrc
4 silly config load:file:/data/data/com.termux/files/home/lamha/.npmrc
5 silly config load:file:/data/data/com.termux/files/home/.npmrc
6 silly config load:file:/data/data/com.termux/files/usr/etc/npmrc
7 verbose title npm install
8 verbose argv "install"
9 verbose logfile logs-max:10 dir:/data/data/com.termux/files/home/.npm/_logs/2026-09-21T01_35_02_625Z-
10 verbose logfile /data/data/com.termux/files/home/.npm/_logs/2026-09-21T01_35_02_625Z-debug-0.log
11 silly logfile done cleaning log files
12 silly packumentCache heap:812646400 maxSize:203161600 maxEntrySize:101580800
13 silly idealTree buildDeps
14 silly fetch manifest compression@^1.7.4
15 silly packumentCache full:https://registry.npmjs.org/compression cache-miss
16 http cache https://registry.npmjs.org/compression 99ms (cache hit)
17 silly packumentCache full:https://registry.npmjs.org/compression set size:101173 disposed:false
18 silly fetch manifest cors@^2.8.5
19 silly packumentCache full:https://registry.npmjs.org/cors cache-miss
20 http cache https://registry.npmjs.org/cors 23ms (cache hit)
21 silly packumentCache full:https://registry.npmjs.org/cors set size:77956 disposed:false
22 silly fetch manifest dotenv@^16.4.5
23 silly packumentCache full:https://registry.npmjs.org/dotenv cache-miss
24 http cache https://registry.npmjs.org/dotenv 27ms (cache hit)
25 silly packumentCache full:https://registry.npmjs.org/dotenv set size:281833 disposed:false
26 silly fetch manifest express@^4.19.2
27 silly packumentCache full:https://registry.npmjs.org/express cache-miss
28 http cache https://registry.npmjs.org/express 38ms (cache hit)
29 silly packumentCache full:https://registry.npmjs.org/express set size:808982 disposed:false
30 silly fetch manifest express-rate-limit@^7.4.0
31 silly packumentCache full:https://registry.npmjs.org/express-rate-limit cache-miss
32 http cache https://registry.npmjs.org/express-rate-limit 41ms (cache hit)
33 silly packumentCache full:https://registry.npmjs.org/express-rate-limit set size:461272 disposed:false
34 silly fetch manifest helmet@^7.1.0
35 silly packumentCache full:https://registry.npmjs.org/helmet cache-miss
36 http cache https://registry.npmjs.org/helmet 35ms (cache hit)
37 silly packumentCache full:https://registry.npmjs.org/helmet set size:345403 disposed:false
38 silly fetch manifest morgan@^1.10.0
39 silly packumentCache full:https://registry.npmjs.org/morgan cache-miss
40 http cache https://registry.npmjs.org/morgan 28ms (cache hit)
41 silly packumentCache full:https://registry.npmjs.org/morgan set size:85360 disposed:false
42 silly fetch manifest socket.io@^4.7.5
43 silly packumentCache full:https://registry.npmjs.org/socket.io cache-miss
44 http cache https://registry.npmjs.org/socket.io 29ms (cache hit)
45 silly packumentCache full:https://registry.npmjs.org/socket.io set size:379231 disposed:false
46 silly fetch manifest uuid@^9.0.1
47 silly packumentCache full:https://registry.npmjs.org/uuid cache-miss
48 http cache https://registry.npmjs.org/uuid 62ms (cache hit)
49 silly packumentCache full:https://registry.npmjs.org/uuid set size:260936 disposed:false
50 silly placeDep ROOT compression@1.8.2 OK for: lamha-server@0.1.0 want: ^1.7.4
51 silly placeDep ROOT cors@2.8.6 OK for: lamha-server@0.1.0 want: ^2.8.5
52 silly placeDep ROOT dotenv@16.6.1 OK for: lamha-server@0.1.0 want: ^16.4.5
53 silly placeDep ROOT express@4.22.3 OK for: lamha-server@0.1.0 want: ^4.19.2
54 silly placeDep ROOT express-rate-limit@7.5.1 OK for: lamha-server@0.1.0 want: ^7.4.0
55 silly placeDep ROOT helmet@7.2.0 OK for: lamha-server@0.1.0 want: ^7.1.0
56 silly placeDep ROOT morgan@1.12.1 OK for: lamha-server@0.1.0 want: ^1.10.0
57 silly placeDep ROOT socket.io@4.8.3 OK for: lamha-server@0.1.0 want: ^4.7.5
58 silly placeDep ROOT uuid@9.0.1 OK for: lamha-server@0.1.0 want: ^9.0.1
59 silly fetch manifest vary@~1.1.2
60 silly packumentCache full:https://registry.npmjs.org/vary cache-miss
61 silly fetch manifest bytes@3.1.2
62 silly packumentCache full:https://registry.npmjs.org/bytes cache-miss
63 silly fetch manifest debug@2.6.9
64 silly packumentCache full:https://registry.npmjs.org/debug cache-miss
65 silly fetch manifest destroy@1.2.0
66 silly packumentCache full:https://registry.npmjs.org/destroy cache-miss
67 silly fetch manifest negotiator@~0.6.4
68 silly packumentCache full:https://registry.npmjs.org/negotiator cache-miss
69 silly fetch manifest on-headers@~1.1.0
70 silly packumentCache full:https://registry.npmjs.org/on-headers cache-miss
71 silly fetch manifest safe-buffer@5.2.1
72 silly packumentCache full:https://registry.npmjs.org/safe-buffer cache-miss
73 http cache https://registry.npmjs.org/destroy 62ms (cache hit)
74 silly packumentCache full:https://registry.npmjs.org/destroy set size:15738 disposed:false
75 silly fetch manifest compressible@~2.0.18
76 silly packumentCache full:https://registry.npmjs.org/compressible cache-miss
77 http cache https://registry.npmjs.org/bytes 77ms (cache hit)
78 silly packumentCache full:https://registry.npmjs.org/bytes set size:37018 disposed:false
79 silly fetch manifest object-assign@^4
80 silly packumentCache full:https://registry.npmjs.org/object-assign cache-miss
81 http cache https://registry.npmjs.org/on-headers 81ms (cache hit)
82 silly packumentCache full:https://registry.npmjs.org/on-headers set size:13226 disposed:false
83 silly fetch manifest vary@^1
84 silly packumentCache full:https://registry.npmjs.org/vary cache-miss
85 http cache https://registry.npmjs.org/vary 101ms (cache hit)
86 silly packumentCache full:https://registry.npmjs.org/vary set size:15994 disposed:false
87 silly fetch manifest qs@~6.16.0
88 silly packumentCache full:https://registry.npmjs.org/qs cache-miss
89 http cache https://registry.npmjs.org/debug 105ms (cache hit)
90 silly packumentCache full:https://registry.npmjs.org/debug set size:195840 disposed:false
91 silly fetch manifest depd@2.0.0
92 silly packumentCache full:https://registry.npmjs.org/depd cache-miss
93 http cache https://registry.npmjs.org/negotiator 124ms (cache hit)
94 silly packumentCache full:https://registry.npmjs.org/negotiator set size:56148 disposed:false
95 silly fetch manifest etag@~1.8.1
96 silly packumentCache full:https://registry.npmjs.org/etag cache-miss
97 http cache https://registry.npmjs.org/safe-buffer 164ms (cache hit)
98 silly packumentCache full:https://registry.npmjs.org/safe-buffer set size:41183 disposed:false
99 silly fetch manifest send@~0.19.0
100 silly packumentCache full:https://registry.npmjs.org/send cache-miss
101 http cache https://registry.npmjs.org/vary 140ms (cache hit)
102 silly packumentCache full:https://registry.npmjs.org/vary set size:15994 disposed:false
103 silly packumentCache full:https://registry.npmjs.org/vary dispose
104 silly fetch manifest fresh@~0.5.2
105 silly packumentCache full:https://registry.npmjs.org/fresh cache-miss
106 http cache https://registry.npmjs.org/compressible 172ms (cache hit)
107 silly packumentCache full:https://registry.npmjs.org/compressible set size:61733 disposed:false
108 silly fetch manifest cookie@~0.7.1
109 silly packumentCache full:https://registry.npmjs.org/cookie cache-miss
110 http cache https://registry.npmjs.org/depd 132ms (cache hit)
111 silly packumentCache full:https://registry.npmjs.org/depd set size:40182 disposed:false
112 silly fetch manifest accepts@~1.3.8
113 silly packumentCache full:https://registry.npmjs.org/accepts cache-miss
114 http cache https://registry.npmjs.org/qs 171ms (cache hit)
115 silly packumentCache full:https://registry.npmjs.org/qs set size:365613 disposed:false
116 silly fetch manifest methods@~1.1.2
117 silly packumentCache full:https://registry.npmjs.org/methods cache-miss
118 http cache https://registry.npmjs.org/object-assign 250ms (cache hit)
119 silly packumentCache full:https://registry.npmjs.org/object-assign set size:28988 disposed:false
120 silly fetch manifest type-is@~1.6.18
121 silly packumentCache full:https://registry.npmjs.org/type-is cache-miss
122 http cache https://registry.npmjs.org/send 167ms (cache hit)
123 silly packumentCache full:https://registry.npmjs.org/send set size:152810 disposed:false
124 silly fetch manifest parseurl@~1.3.3
125 silly packumentCache full:https://registry.npmjs.org/parseurl cache-miss
126 http cache https://registry.npmjs.org/etag 227ms (cache hit)
127 silly packumentCache full:https://registry.npmjs.org/etag set size:30032 disposed:false
128 silly fetch manifest statuses@~2.0.1
129 silly packumentCache full:https://registry.npmjs.org/statuses cache-miss
130 http cache https://registry.npmjs.org/fresh 167ms (cache hit)
131 silly packumentCache full:https://registry.npmjs.org/fresh set size:25427 disposed:false
132 silly fetch manifest encodeurl@~2.0.0
133 silly packumentCache full:https://registry.npmjs.org/encodeurl cache-miss
134 http cache https://registry.npmjs.org/cookie 162ms (cache hit)
135 silly packumentCache full:https://registry.npmjs.org/cookie set size:78274 disposed:false
136 silly fetch manifest proxy-addr@~2.0.7
137 silly packumentCache full:https://registry.npmjs.org/proxy-addr cache-miss
138 http cache https://registry.npmjs.org/accepts 166ms (cache hit)
139 silly packumentCache full:https://registry.npmjs.org/accepts set size:77054 disposed:false
140 silly fetch manifest body-parser@~1.20.5
141 silly packumentCache full:https://registry.npmjs.org/body-parser cache-miss
142 http cache https://registry.npmjs.org/methods 113ms (cache hit)
143 silly packumentCache full:https://registry.npmjs.org/methods set size:12600 disposed:false
144 silly fetch manifest escape-html@~1.0.3
145 silly packumentCache full:https://registry.npmjs.org/escape-html cache-miss
146 http cache https://registry.npmjs.org/type-is 112ms (cache hit)
147 silly packumentCache full:https://registry.npmjs.org/type-is set size:88614 disposed:false
148 silly fetch manifest http-errors@~2.0.0
149 silly packumentCache full:https://registry.npmjs.org/http-errors cache-miss
150 http cache https://registry.npmjs.org/parseurl 104ms (cache hit)
151 silly packumentCache full:https://registry.npmjs.org/parseurl set size:24148 disposed:false
152 silly fetch manifest on-finished@~2.4.1
153 silly packumentCache full:https://registry.npmjs.org/on-finished cache-miss
154 http cache https://registry.npmjs.org/statuses 103ms (cache hit)
155 silly packumentCache full:https://registry.npmjs.org/statuses set size:37117 disposed:false
156 silly fetch manifest utils-merge@1.0.1
157 silly packumentCache full:https://registry.npmjs.org/utils-merge cache-miss
158 http cache https://registry.npmjs.org/encodeurl 107ms (cache hit)
159 silly packumentCache full:https://registry.npmjs.org/encodeurl set size:12296 disposed:false
160 silly fetch manifest content-type@~1.0.4
161 silly packumentCache full:https://registry.npmjs.org/content-type cache-miss
162 http cache https://registry.npmjs.org/proxy-addr 100ms (cache hit)
163 silly packumentCache full:https://registry.npmjs.org/proxy-addr set size:64125 disposed:false
164 silly fetch manifest finalhandler@~1.3.1
165 silly packumentCache full:https://registry.npmjs.org/finalhandler cache-miss
166 http cache https://registry.npmjs.org/body-parser 100ms (cache hit)
167 silly packumentCache full:https://registry.npmjs.org/body-parser set size:207391 disposed:false
168 silly fetch manifest range-parser@~1.2.1
169 silly packumentCache full:https://registry.npmjs.org/range-parser cache-miss
170 http cache https://registry.npmjs.org/escape-html 114ms (cache hit)
171 silly packumentCache full:https://registry.npmjs.org/escape-html set size:7345 disposed:false
172 silly fetch manifest serve-static@~1.16.2
173 silly packumentCache full:https://registry.npmjs.org/serve-static cache-miss
174 http cache https://registry.npmjs.org/http-errors 109ms (cache hit)
175 silly packumentCache full:https://registry.npmjs.org/http-errors set size:71987 disposed:false
176 silly fetch manifest array-flatten@1.1.1
177 silly packumentCache full:https://registry.npmjs.org/array-flatten cache-miss
178 http cache https://registry.npmjs.org/on-finished 110ms (cache hit)
179 silly packumentCache full:https://registry.npmjs.org/on-finished set size:23212 disposed:false
180 silly fetch manifest path-to-regexp@~0.1.13
181 silly packumentCache full:https://registry.npmjs.org/path-to-regexp cache-miss
182 http cache https://registry.npmjs.org/utils-merge 107ms (cache hit)
183 silly packumentCache full:https://registry.npmjs.org/utils-merge set size:5237 disposed:false
184 silly fetch manifest setprototypeof@1.2.0
185 silly packumentCache full:https://registry.npmjs.org/setprototypeof cache-miss
186 http cache https://registry.npmjs.org/content-type 106ms (cache hit)
187 silly packumentCache full:https://registry.npmjs.org/content-type set size:29578 disposed:false
188 silly fetch manifest cookie-signature@~1.0.6
189 silly packumentCache full:https://registry.npmjs.org/cookie-signature cache-miss
190 http cache https://registry.npmjs.org/finalhandler 105ms (cache hit)
191 silly packumentCache full:https://registry.npmjs.org/finalhandler set size:79291 disposed:false
192 silly fetch manifest merge-descriptors@1.0.3
193 silly packumentCache full:https://registry.npmjs.org/merge-descriptors cache-miss
194 http cache https://registry.npmjs.org/path-to-regexp 69ms (cache hit)
195 silly packumentCache full:https://registry.npmjs.org/path-to-regexp set size:216334 disposed:false
196 silly fetch manifest content-disposition@~0.5.4
197 silly packumentCache full:https://registry.npmjs.org/content-disposition cache-miss
198 http cache https://registry.npmjs.org/range-parser 120ms (cache hit)
199 silly packumentCache full:https://registry.npmjs.org/range-parser set size:24852 disposed:false
200 silly fetch manifest depd@~2.0.0
201 silly packumentCache full:https://registry.npmjs.org/depd cache-hit
202 silly fetch manifest basic-auth@~2.0.1
203 silly packumentCache full:https://registry.npmjs.org/basic-auth cache-miss
204 http cache https://registry.npmjs.org/serve-static 128ms (cache hit)
205 silly packumentCache full:https://registry.npmjs.org/serve-static set size:150391 disposed:false
206 silly fetch manifest accepts@~1.3.4
207 silly packumentCache full:https://registry.npmjs.org/accepts cache-hit
208 silly fetch manifest base64id@~2.0.0
209 silly packumentCache full:https://registry.npmjs.org/base64id cache-miss
210 http cache https://registry.npmjs.org/array-flatten 140ms (cache hit)
211 silly packumentCache full:https://registry.npmjs.org/array-flatten set size:24005 disposed:false
212 silly fetch manifest debug@~4.4.1
213 silly packumentCache full:https://registry.npmjs.org/debug cache-hit
214 silly fetch manifest engine.io@~6.6.0
215 silly packumentCache full:https://registry.npmjs.org/engine.io cache-miss
216 http cache https://registry.npmjs.org/setprototypeof 139ms (cache hit)
217 silly packumentCache full:https://registry.npmjs.org/setprototypeof set size:14532 disposed:false
218 silly fetch manifest socket.io-adapter@~2.5.2
219 silly packumentCache full:https://registry.npmjs.org/socket.io-adapter cache-miss
220 http cache https://registry.npmjs.org/cookie-signature 137ms (cache hit)
221 silly packumentCache full:https://registry.npmjs.org/cookie-signature set size:21777 disposed:false
222 silly fetch manifest socket.io-parser@~4.2.4
223 silly packumentCache full:https://registry.npmjs.org/socket.io-parser cache-miss
224 http cache https://registry.npmjs.org/merge-descriptors 132ms (cache hit)
225 silly packumentCache full:https://registry.npmjs.org/merge-descriptors set size:16527 disposed:false
226 http cache https://registry.npmjs.org/content-disposition 111ms (cache hit)
227 silly packumentCache full:https://registry.npmjs.org/content-disposition set size:45446 disposed:false
228 http cache https://registry.npmjs.org/base64id 81ms (cache hit)
229 silly packumentCache full:https://registry.npmjs.org/base64id set size:6136 disposed:false
230 http cache https://registry.npmjs.org/basic-auth 111ms (cache hit)
231 silly packumentCache full:https://registry.npmjs.org/basic-auth set size:24387 disposed:false
232 http cache https://registry.npmjs.org/engine.io 83ms (cache hit)
233 silly packumentCache full:https://registry.npmjs.org/engine.io set size:399115 disposed:false
234 http cache https://registry.npmjs.org/socket.io-adapter 103ms (cache hit)
235 silly packumentCache full:https://registry.npmjs.org/socket.io-adapter set size:71138 disposed:false
236 http cache https://registry.npmjs.org/socket.io-parser 85ms (cache hit)
237 silly packumentCache full:https://registry.npmjs.org/socket.io-parser set size:130849 disposed:false
238 silly placeDep ROOT bytes@3.1.2 OK for: compression@1.8.2 want: 3.1.2
239 silly placeDep ROOT compressible@2.0.18 OK for: compression@1.8.2 want: ~2.0.18
240 silly placeDep ROOT debug@2.6.9 OK for: compression@1.8.2 want: 2.6.9
241 silly placeDep ROOT destroy@1.2.0 OK for: compression@1.8.2 want: 1.2.0
242 silly placeDep ROOT negotiator@0.6.4 OK for: compression@1.8.2 want: ~0.6.4
243 silly placeDep ROOT on-headers@1.1.0 OK for: compression@1.8.2 want: ~1.1.0
244 silly placeDep ROOT safe-buffer@5.2.1 OK for: compression@1.8.2 want: 5.2.1
245 silly placeDep ROOT vary@1.1.2 OK for: compression@1.8.2 want: ~1.1.2
246 silly fetch manifest mime-db@>= 1.43.0 < 2
247 silly packumentCache full:https://registry.npmjs.org/mime-db cache-miss
248 silly fetch manifest ms@2.0.0
249 silly packumentCache full:https://registry.npmjs.org/ms cache-miss
250 http cache https://registry.npmjs.org/mime-db 33ms (cache hit)
251 silly packumentCache full:https://registry.npmjs.org/mime-db set size:164953 disposed:false
252 http cache https://registry.npmjs.org/ms 47ms (cache hit)
253 silly packumentCache full:https://registry.npmjs.org/ms set size:92208 disposed:false
254 silly placeDep ROOT mime-db@1.54.0 OK for: compressible@2.0.18 want: >= 1.43.0 < 2
255 silly placeDep ROOT object-assign@4.1.1 OK for: cors@2.8.6 want: ^4
256 silly placeDep ROOT ms@2.0.0 OK for: debug@2.6.9 want: 2.0.0
257 silly placeDep ROOT accepts@1.3.8 OK for: express@4.22.3 want: ~1.3.8
258 silly placeDep ROOT array-flatten@1.1.1 OK for: express@4.22.3 want: 1.1.1
259 silly placeDep ROOT body-parser@1.20.8 OK for: express@4.22.3 want: ~1.20.5
260 silly placeDep ROOT content-disposition@0.5.4 OK for: express@4.22.3 want: ~0.5.4
261 silly placeDep ROOT content-type@1.0.5 OK for: express@4.22.3 want: ~1.0.4
262 silly placeDep ROOT cookie@0.7.2 OK for: express@4.22.3 want: ~0.7.1
263 silly placeDep ROOT cookie-signature@1.0.7 OK for: express@4.22.3 want: ~1.0.6
264 silly placeDep ROOT depd@2.0.0 OK for: express@4.22.3 want: 2.0.0
265 silly placeDep ROOT encodeurl@2.0.0 OK for: express@4.22.3 want: ~2.0.0
266 silly placeDep ROOT escape-html@1.0.3 OK for: express@4.22.3 want: ~1.0.3
267 silly placeDep ROOT etag@1.8.1 OK for: express@4.22.3 want: ~1.8.1
268 silly placeDep ROOT finalhandler@1.3.2 OK for: express@4.22.3 want: ~1.3.1
269 silly placeDep ROOT fresh@0.5.2 OK for: express@4.22.3 want: ~0.5.2
270 silly placeDep ROOT http-errors@2.0.1 OK for: express@4.22.3 want: ~2.0.0
271 silly placeDep ROOT merge-descriptors@1.0.3 OK for: express@4.22.3 want: 1.0.3
272 silly placeDep ROOT methods@1.1.2 OK for: express@4.22.3 want: ~1.1.2
273 silly placeDep ROOT on-finished@2.4.1 OK for: express@4.22.3 want: ~2.4.1
274 silly placeDep ROOT parseurl@1.3.3 OK for: express@4.22.3 want: ~1.3.3
275 silly placeDep ROOT path-to-regexp@0.1.13 OK for: express@4.22.3 want: ~0.1.13
276 silly placeDep ROOT proxy-addr@2.0.8 OK for: express@4.22.3 want: ~2.0.7
277 silly placeDep ROOT qs@6.16.0 OK for: express@4.22.3 want: ~6.16.0
278 silly placeDep ROOT range-parser@1.2.1 OK for: express@4.22.3 want: ~1.2.1
279 silly placeDep ROOT send@0.19.2 OK for: express@4.22.3 want: ~0.19.0
280 silly placeDep ROOT serve-static@1.16.3 OK for: express@4.22.3 want: ~1.16.2
281 silly placeDep ROOT setprototypeof@1.2.0 OK for: express@4.22.3 want: 1.2.0
282 silly placeDep ROOT statuses@2.0.2 OK for: express@4.22.3 want: ~2.0.1
283 silly placeDep ROOT type-is@1.6.18 OK for: express@4.22.3 want: ~1.6.18
284 silly placeDep ROOT utils-merge@1.0.1 OK for: express@4.22.3 want: 1.0.1
285 silly fetch manifest mime-types@~2.1.34
286 silly packumentCache full:https://registry.npmjs.org/mime-types cache-miss
287 silly fetch manifest negotiator@0.6.3
288 silly packumentCache full:https://registry.npmjs.org/negotiator cache-hit
289 silly fetch manifest unpipe@~1.0.0
290 silly packumentCache full:https://registry.npmjs.org/unpipe cache-miss
291 silly fetch manifest raw-body@~2.5.3
292 silly packumentCache full:https://registry.npmjs.org/raw-body cache-miss
293 silly fetch manifest iconv-lite@~0.4.24
294 silly packumentCache full:https://registry.npmjs.org/iconv-lite cache-miss
295 silly fetch manifest http-errors@~2.0.1
296 silly packumentCache full:https://registry.npmjs.org/http-errors cache-hit
297 silly fetch manifest content-type@~1.0.5
298 silly packumentCache full:https://registry.npmjs.org/content-type cache-hit
299 silly fetch manifest unpipe@~1.0.0
300 silly packumentCache full:https://registry.npmjs.org/unpipe cache-miss
301 silly fetch manifest statuses@~2.0.2
302 silly packumentCache full:https://registry.npmjs.org/statuses cache-hit
303 silly fetch manifest inherits@~2.0.4
304 silly packumentCache full:https://registry.npmjs.org/inherits cache-miss
305 silly fetch manifest setprototypeof@~1.2.0
306 silly packumentCache full:https://registry.npmjs.org/setprototypeof cache-hit
307 silly fetch manifest toidentifier@~1.0.1
308 silly packumentCache full:https://registry.npmjs.org/toidentifier cache-miss
309 http cache https://registry.npmjs.org/unpipe 87ms (cache hit)
310 silly packumentCache full:https://registry.npmjs.org/unpipe set size:3609 disposed:false
311 silly fetch manifest ee-first@1.1.1
312 silly packumentCache full:https://registry.npmjs.org/ee-first cache-miss
313 http cache https://registry.npmjs.org/iconv-lite 87ms (cache hit)
314 silly packumentCache full:https://registry.npmjs.org/iconv-lite set size:126462 disposed:false
315 silly fetch manifest forwarded@0.2.0
316 silly packumentCache full:https://registry.npmjs.org/forwarded cache-miss
317 http cache https://registry.npmjs.org/unpipe 95ms (cache hit)
318 silly packumentCache full:https://registry.npmjs.org/unpipe set size:3609 disposed:false
319 silly packumentCache full:https://registry.npmjs.org/unpipe dispose
320 silly fetch manifest ipaddr.js@1.9.1
321 silly packumentCache full:https://registry.npmjs.org/ipaddr.js cache-miss
322 http cache https://registry.npmjs.org/mime-types 123ms (cache hit)
323 silly packumentCache full:https://registry.npmjs.org/mime-types set size:139110 disposed:false
324 silly fetch manifest side-channel@^1.1.1
325 silly packumentCache full:https://registry.npmjs.org/side-channel cache-miss
326 http cache https://registry.npmjs.org/inherits 111ms (cache hit)
327 silly packumentCache full:https://registry.npmjs.org/inherits set size:12925 disposed:false
328 silly fetch manifest es-define-property@^1.0.1
329 silly packumentCache full:https://registry.npmjs.org/es-define-property cache-miss
330 http cache https://registry.npmjs.org/raw-body 140ms (cache hit)
331 silly packumentCache full:https://registry.npmjs.org/raw-body set size:120042 disposed:false
332 silly fetch manifest ms@2.1.3
333 silly packumentCache full:https://registry.npmjs.org/ms cache-hit
334 silly fetch manifest mime@1.6.0
335 silly packumentCache full:https://registry.npmjs.org/mime cache-miss
336 http cache https://registry.npmjs.org/toidentifier 131ms (cache hit)
337 silly packumentCache full:https://registry.npmjs.org/toidentifier set size:12006 disposed:false
338 silly fetch manifest mime-types@~2.1.24
339 silly packumentCache full:https://registry.npmjs.org/mime-types cache-hit
340 silly fetch manifest media-typer@0.3.0
341 silly packumentCache full:https://registry.npmjs.org/media-typer cache-miss
342 http cache https://registry.npmjs.org/forwarded 98ms (cache hit)
343 silly packumentCache full:https://registry.npmjs.org/forwarded set size:11229 disposed:false
344 http cache https://registry.npmjs.org/side-channel 81ms (cache hit)
345 silly packumentCache full:https://registry.npmjs.org/side-channel set size:27650 disposed:false
346 http cache https://registry.npmjs.org/ipaddr.js 105ms (cache hit)
347 silly packumentCache full:https://registry.npmjs.org/ipaddr.js set size:84329 disposed:false
348 http cache https://registry.npmjs.org/es-define-property 90ms (cache hit)
349 silly packumentCache full:https://registry.npmjs.org/es-define-property set size:8542 disposed:false
350 http cache https://registry.npmjs.org/mime 77ms (cache hit)
351 silly packumentCache full:https://registry.npmjs.org/mime set size:119236 disposed:false
352 http cache https://registry.npmjs.org/ee-first 161ms (cache hit)
353 silly packumentCache full:https://registry.npmjs.org/ee-first set size:15327 disposed:false
354 http cache https://registry.npmjs.org/media-typer 86ms (cache hit)
355 silly packumentCache full:https://registry.npmjs.org/media-typer set size:22074 disposed:false
356 silly placeDep ROOT mime-types@2.1.35 OK for: accepts@1.3.8 want: ~2.1.34
357 silly placeDep node_modules/accepts negotiator@0.6.3 OK for: accepts@1.3.8 want: 0.6.3
358 silly fetch manifest mime-db@1.52.0
359 silly packumentCache full:https://registry.npmjs.org/mime-db cache-hit
360 silly placeDep ROOT iconv-lite@0.4.24 OK for: body-parser@1.20.8 want: ~0.4.24
361 silly placeDep ROOT raw-body@2.5.3 OK for: body-parser@1.20.8 want: ~2.5.3
362 silly placeDep ROOT unpipe@1.0.0 OK for: body-parser@1.20.8 want: ~1.0.0
363 silly fetch manifest safer-buffer@>= 2.1.2 < 3
364 silly packumentCache full:https://registry.npmjs.org/safer-buffer cache-miss
365 http cache https://registry.npmjs.org/safer-buffer 23ms (cache hit)
366 silly packumentCache full:https://registry.npmjs.org/safer-buffer set size:18521 disposed:false
367 silly placeDep ROOT inherits@2.0.4 OK for: http-errors@2.0.1 want: ~2.0.4
368 silly placeDep ROOT toidentifier@1.0.1 OK for: http-errors@2.0.1 want: ~1.0.1
369 silly placeDep ROOT safer-buffer@2.1.2 OK for: iconv-lite@0.4.24 want: >= 2.1.2 < 3
370 silly placeDep node_modules/mime-types mime-db@1.52.0 OK for: mime-types@2.1.35 want: 1.52.0
371 silly placeDep ROOT basic-auth@2.0.1 OK for: morgan@1.12.1 want: ~2.0.1
372 silly fetch manifest safe-buffer@5.1.2
373 silly packumentCache full:https://registry.npmjs.org/safe-buffer cache-hit
374 silly placeDep node_modules/basic-auth safe-buffer@5.1.2 OK for: basic-auth@2.0.1 want: 5.1.2
375 silly placeDep ROOT ee-first@1.1.1 OK for: on-finished@2.4.1 want: 1.1.1
376 silly placeDep ROOT forwarded@0.2.0 OK for: proxy-addr@2.0.8 want: 0.2.0
377 silly placeDep ROOT ipaddr.js@1.9.1 OK for: proxy-addr@2.0.8 want: 1.9.1
378 silly placeDep ROOT es-define-property@1.0.1 OK for: qs@6.16.0 want: ^1.0.1
379 silly placeDep ROOT side-channel@1.1.1 OK for: qs@6.16.0 want: ^1.1.1
380 silly fetch manifest es-errors@^1.3.0
381 silly packumentCache full:https://registry.npmjs.org/es-errors cache-miss
382 silly fetch manifest object-inspect@^1.13.4
383 silly packumentCache full:https://registry.npmjs.org/object-inspect cache-miss
384 silly fetch manifest side-channel-list@^1.0.1
385 silly packumentCache full:https://registry.npmjs.org/side-channel-list cache-miss
386 silly fetch manifest side-channel-map@^1.0.1
387 silly packumentCache full:https://registry.npmjs.org/side-channel-map cache-miss
388 silly fetch manifest side-channel-weakmap@^1.0.2
389 silly packumentCache full:https://registry.npmjs.org/side-channel-weakmap cache-miss
390 http cache https://registry.npmjs.org/object-inspect 39ms (cache hit)
391 silly packumentCache full:https://registry.npmjs.org/object-inspect set size:101927 disposed:false
392 http cache https://registry.npmjs.org/es-errors 55ms (cache hit)
393 silly packumentCache full:https://registry.npmjs.org/es-errors set size:16918 disposed:false
394 http cache https://registry.npmjs.org/side-channel-weakmap 52ms (cache hit)
395 silly packumentCache full:https://registry.npmjs.org/side-channel-weakmap set size:12620 disposed:false
396 http cache https://registry.npmjs.org/side-channel-map 60ms (cache hit)
397 silly packumentCache full:https://registry.npmjs.org/side-channel-map set size:9126 disposed:false
398 http cache https://registry.npmjs.org/side-channel-list 66ms (cache hit)
399 silly packumentCache full:https://registry.npmjs.org/side-channel-list set size:9021 disposed:false
400 silly placeDep ROOT mime@1.6.0 OK for: send@0.19.2 want: 1.6.0
401 silly placeDep node_modules/send ms@2.1.3 OK for: send@0.19.2 want: 2.1.3
402 silly placeDep ROOT es-errors@1.3.0 OK for: side-channel@1.1.1 want: ^1.3.0
403 silly placeDep ROOT object-inspect@1.13.4 OK for: side-channel@1.1.1 want: ^1.13.4
404 silly placeDep ROOT side-channel-list@1.0.1 OK for: side-channel@1.1.1 want: ^1.0.1
405 silly placeDep ROOT side-channel-map@1.0.1 OK for: side-channel@1.1.1 want: ^1.0.1
406 silly placeDep ROOT side-channel-weakmap@1.0.2 OK for: side-channel@1.1.1 want: ^1.0.2
407 silly fetch manifest call-bound@^1.0.2
408 silly packumentCache full:https://registry.npmjs.org/call-bound cache-miss
409 silly fetch manifest get-intrinsic@^1.2.5
410 silly packumentCache full:https://registry.npmjs.org/get-intrinsic cache-miss
411 silly fetch manifest call-bound@^1.0.2
412 silly packumentCache full:https://registry.npmjs.org/call-bound cache-miss
413 silly fetch manifest get-intrinsic@^1.2.5
414 silly packumentCache full:https://registry.npmjs.org/get-intrinsic cache-miss
415 http cache https://registry.npmjs.org/call-bound 36ms (cache hit)
416 silly packumentCache full:https://registry.npmjs.org/call-bound set size:15317 disposed:false
417 http cache https://registry.npmjs.org/call-bound 46ms (cache hit)
418 silly packumentCache full:https://registry.npmjs.org/call-bound set size:15317 disposed:false
419 silly packumentCache full:https://registry.npmjs.org/call-bound dispose
420 http cache https://registry.npmjs.org/get-intrinsic 48ms (cache hit)
421 silly packumentCache full:https://registry.npmjs.org/get-intrinsic set size:60985 disposed:false
422 http cache https://registry.npmjs.org/get-intrinsic 52ms (cache hit)
423 silly packumentCache full:https://registry.npmjs.org/get-intrinsic set size:60985 disposed:false
424 silly packumentCache full:https://registry.npmjs.org/get-intrinsic dispose
425 silly placeDep ROOT call-bound@1.0.4 OK for: side-channel-map@1.0.1 want: ^1.0.2
426 silly placeDep ROOT get-intrinsic@1.3.0 OK for: side-channel-map@1.0.1 want: ^1.2.5
427 silly fetch manifest call-bind-apply-helpers@^1.0.2
428 silly packumentCache full:https://registry.npmjs.org/call-bind-apply-helpers cache-miss
429 silly fetch manifest get-intrinsic@^1.3.0
430 silly packumentCache full:https://registry.npmjs.org/get-intrinsic cache-hit
431 silly fetch manifest gopd@^1.2.0
432 silly packumentCache full:https://registry.npmjs.org/gopd cache-miss
433 silly fetch manifest hasown@^2.0.2
434 silly packumentCache full:https://registry.npmjs.org/hasown cache-miss
435 silly fetch manifest get-proto@^1.0.1
436 silly packumentCache full:https://registry.npmjs.org/get-proto cache-miss
437 silly fetch manifest has-symbols@^1.1.0
438 silly packumentCache full:https://registry.npmjs.org/has-symbols cache-miss
439 silly fetch manifest function-bind@^1.1.2
440 silly packumentCache full:https://registry.npmjs.org/function-bind cache-miss
441 silly fetch manifest es-object-atoms@^1.1.1
442 silly packumentCache full:https://registry.npmjs.org/es-object-atoms cache-miss
443 http cache https://registry.npmjs.org/call-bind-apply-helpers 79ms (cache hit)
444 silly packumentCache full:https://registry.npmjs.org/call-bind-apply-helpers set size:12744 disposed:false
445 silly fetch manifest math-intrinsics@^1.1.0
446 silly packumentCache full:https://registry.npmjs.org/math-intrinsics cache-miss
447 http cache https://registry.npmjs.org/gopd 85ms (cache hit)
448 silly packumentCache full:https://registry.npmjs.org/gopd set size:11483 disposed:false
449 http cache https://registry.npmjs.org/hasown 88ms (cache hit)
450 silly packumentCache full:https://registry.npmjs.org/hasown set size:18361 disposed:false
451 http cache https://registry.npmjs.org/get-proto 93ms (cache hit)
452 silly packumentCache full:https://registry.npmjs.org/get-proto set size:8300 disposed:false
453 http cache https://registry.npmjs.org/function-bind 92ms (cache hit)
454 silly packumentCache full:https://registry.npmjs.org/function-bind set size:15733 disposed:false
455 http cache https://registry.npmjs.org/has-symbols 100ms (cache hit)
456 silly packumentCache full:https://registry.npmjs.org/has-symbols set size:21550 disposed:false
457 http cache https://registry.npmjs.org/es-object-atoms 97ms (cache hit)
458 silly packumentCache full:https://registry.npmjs.org/es-object-atoms set size:18278 disposed:false
459 http cache https://registry.npmjs.org/math-intrinsics 46ms (cache hit)
460 silly packumentCache full:https://registry.npmjs.org/math-intrinsics set size:9265 disposed:false
461 silly placeDep ROOT call-bind-apply-helpers@1.0.2 OK for: call-bound@1.0.4 want: ^1.0.2
462 silly placeDep ROOT function-bind@1.1.2 OK for: call-bind-apply-helpers@1.0.2 want: ^1.1.2
463 silly placeDep ROOT es-object-atoms@1.1.2 OK for: get-intrinsic@1.3.0 want: ^1.1.1
464 silly placeDep ROOT get-proto@1.0.1 OK for: get-intrinsic@1.3.0 want: ^1.0.1
465 silly placeDep ROOT gopd@1.2.0 OK for: get-intrinsic@1.3.0 want: ^1.2.0
466 silly placeDep ROOT has-symbols@1.1.0 OK for: get-intrinsic@1.3.0 want: ^1.1.0
467 silly placeDep ROOT hasown@2.0.4 OK for: get-intrinsic@1.3.0 want: ^2.0.2
468 silly placeDep ROOT math-intrinsics@1.1.0 OK for: get-intrinsic@1.3.0 want: ^1.1.0
469 silly fetch manifest dunder-proto@^1.0.1
470 silly packumentCache full:https://registry.npmjs.org/dunder-proto cache-miss
471 http cache https://registry.npmjs.org/dunder-proto 17ms (cache hit)
472 silly packumentCache full:https://registry.npmjs.org/dunder-proto set size:8256 disposed:false
473 silly placeDep ROOT dunder-proto@1.0.1 OK for: get-proto@1.0.1 want: ^1.0.1
474 silly placeDep ROOT base64id@2.0.0 OK for: socket.io@4.8.3 want: ~2.0.0
475 silly placeDep node_modules/socket.io debug@4.4.3 OK for: socket.io@4.8.3 want: ~4.4.1
476 silly placeDep ROOT engine.io@6.6.10 OK for: socket.io@4.8.3 want: ~6.6.0
477 silly placeDep ROOT socket.io-adapter@2.5.8 OK for: socket.io@4.8.3 want: ~2.5.2
478 silly placeDep ROOT socket.io-parser@4.2.7 OK for: socket.io@4.8.3 want: ~4.2.4
479 silly fetch manifest ms@^2.1.3
480 silly packumentCache full:https://registry.npmjs.org/ms cache-hit
481 silly fetch manifest ws@~8.21.0
482 silly packumentCache full:https://registry.npmjs.org/ws cache-miss
483 silly fetch manifest @types/ws@^8.5.12
484 silly packumentCache full:https://registry.npmjs.org/@types%2fws cache-miss
485 silly fetch manifest @types/cors@^2.8.12
486 silly packumentCache full:https://registry.npmjs.org/@types%2fcors cache-miss
487 silly fetch manifest @types/node@>=10.0.0
488 silly packumentCache full:https://registry.npmjs.org/@types%2fnode cache-miss
489 silly fetch manifest engine.io-parser@~5.2.1
490 silly packumentCache full:https://registry.npmjs.org/engine.io-parser cache-miss
491 silly fetch manifest ws@~8.21.0
492 silly packumentCache full:https://registry.npmjs.org/ws cache-miss
493 silly fetch manifest @socket.io/component-emitter@~3.1.0
494 silly packumentCache full:https://registry.npmjs.org/@socket.io%2fcomponent-emitter cache-miss
495 http cache https://registry.npmjs.org/@types%2fcors 47ms (cache hit)
496 silly packumentCache full:https://registry.npmjs.org/@types%2fcors set size:56991 disposed:false
497 http cache https://registry.npmjs.org/ws 66ms (cache hit)
498 silly packumentCache full:https://registry.npmjs.org/ws set size:447661 disposed:false
499 http cache https://registry.npmjs.org/@types%2fws 92ms (cache hit)
500 silly packumentCache full:https://registry.npmjs.org/@types%2fws set size:167959 disposed:false
501 http cache https://registry.npmjs.org/ws 101ms (cache hit)
502 silly packumentCache full:https://registry.npmjs.org/ws set size:447661 disposed:false
503 silly packumentCache full:https://registry.npmjs.org/ws dispose
504 http cache https://registry.npmjs.org/engine.io-parser 134ms (cache hit)
505 silly packumentCache full:https://registry.npmjs.org/engine.io-parser set size:116455 disposed:false
506 http cache https://registry.npmjs.org/@socket.io%2fcomponent-emitter 140ms (cache hit)
507 silly packumentCache full:https://registry.npmjs.org/@socket.io%2fcomponent-emitter set size:14099 disposed:false
508 http cache https://registry.npmjs.org/@types%2fnode 259ms (cache hit)
509 silly packumentCache full:https://registry.npmjs.org/@types%2fnode set size:11150508 disposed:false
510 silly fetch manifest bufferutil@^4.0.1
511 silly packumentCache full:https://registry.npmjs.org/bufferutil cache-miss
512 http cache https://registry.npmjs.org/bufferutil 21ms (cache hit)
513 silly packumentCache full:https://registry.npmjs.org/bufferutil set size:52668 disposed:false
514 silly fetch manifest utf-8-validate@>=5.0.2
515 silly packumentCache full:https://registry.npmjs.org/utf-8-validate cache-miss
516 http cache https://registry.npmjs.org/utf-8-validate 18ms (cache hit)
517 silly packumentCache full:https://registry.npmjs.org/utf-8-validate set size:77012 disposed:false
518 silly placeDep ROOT @types/cors@2.8.19 OK for: engine.io@6.6.10 want: ^2.8.12
519 silly placeDep ROOT @types/node@26.6.2 OK for: engine.io@6.6.10 want: >=10.0.0
520 silly placeDep ROOT @types/ws@8.18.1 OK for: engine.io@6.6.10 want: ^8.5.12
521 silly placeDep node_modules/engine.io debug@4.4.3 OK for: engine.io@6.6.10 want: ~4.4.1
522 silly placeDep ROOT engine.io-parser@5.2.3 OK for: engine.io@6.6.10 want: ~5.2.1
523 silly placeDep ROOT ws@8.21.3 OK for: engine.io@6.6.10 want: ~8.21.0
524 silly fetch manifest @types/node@*
525 silly packumentCache full:https://registry.npmjs.org/@types%2fnode cache-miss
526 silly fetch manifest undici-types@~8.9.0
527 silly packumentCache full:https://registry.npmjs.org/undici-types cache-miss
528 http cache https://registry.npmjs.org/undici-types 34ms (cache hit)
529 silly packumentCache full:https://registry.npmjs.org/undici-types set size:258898 disposed:false
530 http cache https://registry.npmjs.org/@types%2fnode 146ms (cache hit)
531 silly packumentCache full:https://registry.npmjs.org/@types%2fnode set size:11150508 disposed:false
532 silly placeDep ROOT undici-types@8.9.0 OK for: @types/node@26.6.2 want: ~8.9.0
533 silly placeDep node_modules/socket.io-adapter debug@4.4.3 OK for: socket.io-adapter@2.5.8 want: ~4.4.1
534 silly placeDep ROOT @socket.io/component-emitter@3.1.2 OK for: socket.io-parser@4.2.7 want: ~3.1.0
535 silly placeDep node_modules/socket.io-parser debug@4.4.3 OK for: socket.io-parser@4.2.7 want: ~4.4.1
536 silly placeDep ROOT media-typer@0.3.0 OK for: type-is@1.6.18 want: 0.3.0
537 silly placeDep node_modules/engine.io ms@2.1.3 OK for: debug@4.4.3 want: ^2.1.3
538 silly placeDep node_modules/socket.io-adapter ms@2.1.3 OK for: debug@4.4.3 want: ^2.1.3
539 silly placeDep node_modules/socket.io-parser ms@2.1.3 OK for: debug@4.4.3 want: ^2.1.3
540 silly placeDep node_modules/socket.io ms@2.1.3 OK for: debug@4.4.3 want: ^2.1.3
541 silly reify moves {}
542 silly audit bulk request {
542 silly audit   compression: [ '1.8.2' ],
542 silly audit   cors: [ '2.8.6' ],
542 silly audit   dotenv: [ '16.6.1' ],
542 silly audit   express: [ '4.22.3' ],
542 silly audit   'express-rate-limit': [ '7.5.1' ],
542 silly audit   helmet: [ '7.2.0' ],
542 silly audit   morgan: [ '1.12.1' ],
542 silly audit   'socket.io': [ '4.8.3' ],
542 silly audit   uuid: [ '9.0.1' ],
542 silly audit   bytes: [ '3.1.2' ],
542 silly audit   compressible: [ '2.0.18' ],
542 silly audit   debug: [ '2.6.9', '4.4.3' ],
542 silly audit   destroy: [ '1.2.0' ],
542 silly audit   negotiator: [ '0.6.4', '0.6.3' ],
542 silly audit   'on-headers': [ '1.1.0' ],
542 silly audit   'safe-buffer': [ '5.2.1', '5.1.2' ],
542 silly audit   vary: [ '1.1.2' ],
542 silly audit   'mime-db': [ '1.54.0', '1.52.0' ],
542 silly audit   'object-assign': [ '4.1.1' ],
542 silly audit   ms: [ '2.0.0', '2.1.3' ],
542 silly audit   accepts: [ '1.3.8' ],
542 silly audit   'array-flatten': [ '1.1.1' ],
542 silly audit   'body-parser': [ '1.20.8' ],
542 silly audit   'content-disposition': [ '0.5.4' ],
542 silly audit   'content-type': [ '1.0.5' ],
542 silly audit   cookie: [ '0.7.2' ],
542 silly audit   'cookie-signature': [ '1.0.7' ],
542 silly audit   depd: [ '2.0.0' ],
542 silly audit   encodeurl: [ '2.0.0' ],
542 silly audit   'escape-html': [ '1.0.3' ],
542 silly audit   etag: [ '1.8.1' ],
542 silly audit   finalhandler: [ '1.3.2' ],
542 silly audit   fresh: [ '0.5.2' ],
542 silly audit   'http-errors': [ '2.0.1' ],
542 silly audit   'merge-descriptors': [ '1.0.3' ],
542 silly audit   methods: [ '1.1.2' ],
542 silly audit   'on-finished': [ '2.4.1' ],
542 silly audit   parseurl: [ '1.3.3' ],
542 silly audit   'path-to-regexp': [ '0.1.13' ],
542 silly audit   'proxy-addr': [ '2.0.8' ],
542 silly audit   qs: [ '6.16.0' ],
542 silly audit   'range-parser': [ '1.2.1' ],
542 silly audit   send: [ '0.19.2' ],
542 silly audit   'serve-static': [ '1.16.3' ],
542 silly audit   setprototypeof: [ '1.2.0' ],
542 silly audit   statuses: [ '2.0.2' ],
542 silly audit   'type-is': [ '1.6.18' ],
542 silly audit   'utils-merge': [ '1.0.1' ],
542 silly audit   'mime-types': [ '2.1.35' ],
542 silly audit   'iconv-lite': [ '0.4.24' ],
542 silly audit   'raw-body': [ '2.5.3' ],
542 silly audit   unpipe: [ '1.0.0' ],
542 silly audit   inherits: [ '2.0.4' ],
542 silly audit   toidentifier: [ '1.0.1' ],
542 silly audit   'safer-buffer': [ '2.1.2' ],
542 silly audit   'basic-auth': [ '2.0.1' ],
542 silly audit   'ee-first': [ '1.1.1' ],
542 silly audit   forwarded: [ '0.2.0' ],
542 silly audit   'ipaddr.js': [ '1.9.1' ],
542 silly audit   'es-define-property': [ '1.0.1' ],
542 silly audit   'side-channel': [ '1.1.1' ],
542 silly audit   mime: [ '1.6.0' ],
542 silly audit   'es-errors': [ '1.3.0' ],
542 silly audit   'object-inspect': [ '1.13.4' ],
542 silly audit   'side-channel-list': [ '1.0.1' ],
542 silly audit   'side-channel-map': [ '1.0.1' ],
542 silly audit   'side-channel-weakmap': [ '1.0.2' ],
542 silly audit   'call-bound': [ '1.0.4' ],
542 silly audit   'get-intrinsic': [ '1.3.0' ],
542 silly audit   'call-bind-apply-helpers': [ '1.0.2' ],
542 silly audit   'function-bind': [ '1.1.2' ],
542 silly audit   'es-object-atoms': [ '1.1.2' ],
542 silly audit   'get-proto': [ '1.0.1' ],
542 silly audit   gopd: [ '1.2.0' ],
542 silly audit   'has-symbols': [ '1.1.0' ],
542 silly audit   hasown: [ '2.0.4' ],
542 silly audit   'math-intrinsics': [ '1.1.0' ],
542 silly audit   'dunder-proto': [ '1.0.1' ],
542 silly audit   base64id: [ '2.0.0' ],
542 silly audit   'engine.io': [ '6.6.10' ],
542 silly audit   'socket.io-adapter': [ '2.5.8' ],
542 silly audit   'socket.io-parser': [ '4.2.7' ],
542 silly audit   '@types/cors': [ '2.8.19' ],
542 silly audit   '@types/node': [ '26.6.2' ],
542 silly audit   '@types/ws': [ '8.18.1' ],
542 silly audit   'engine.io-parser': [ '5.2.3' ],
542 silly audit   ws: [ '8.21.3' ],
542 silly audit   'undici-types': [ '8.9.0' ],
542 silly audit   '@socket.io/component-emitter': [ '3.1.2' ],
542 silly audit   'media-typer': [ '0.3.0' ]
542 silly audit }
543 http cache media-typer@https://registry.npmjs.org/media-typer/-/media-typer-0.3.0.tgz 0ms (cache hit)
544 http cache undici-types@https://registry.npmjs.org/undici-types/-/undici-types-8.9.0.tgz 0ms (cache hit)
545 http cache @socket.io/component-emitter@https://registry.npmjs.org/@socket.io/component-emitter/-/component-emitter-3.1.2.tgz 1ms (cache hit)
546 http cache ws@https://registry.npmjs.org/ws/-/ws-8.21.3.tgz 0ms (cache hit)
547 http cache engine.io-parser@https://registry.npmjs.org/engine.io-parser/-/engine.io-parser-5.2.3.tgz 0ms (cache hit)
548 http cache @types/node@https://registry.npmjs.org/@types/node/-/node-26.6.2.tgz 0ms (cache hit)
549 http cache @types/ws@https://registry.npmjs.org/@types/ws/-/ws-8.18.1.tgz 0ms (cache hit)
550 http cache @types/cors@https://registry.npmjs.org/@types/cors/-/cors-2.8.19.tgz 0ms (cache hit)
551 http cache socket.io-parser@https://registry.npmjs.org/socket.io-parser/-/socket.io-parser-4.2.7.tgz 0ms (cache hit)
552 http cache engine.io@https://registry.npmjs.org/engine.io/-/engine.io-6.6.10.tgz 0ms (cache hit)
553 http cache base64id@https://registry.npmjs.org/base64id/-/base64id-2.0.0.tgz 1ms (cache hit)
554 http cache dunder-proto@https://registry.npmjs.org/dunder-proto/-/dunder-proto-1.0.1.tgz 0ms (cache hit)
555 http cache math-intrinsics@https://registry.npmjs.org/math-intrinsics/-/math-intrinsics-1.1.0.tgz 0ms (cache hit)
556 http cache hasown@https://registry.npmjs.org/hasown/-/hasown-2.0.4.tgz 0ms (cache hit)
557 http cache has-symbols@https://registry.npmjs.org/has-symbols/-/has-symbols-1.1.0.tgz 0ms (cache hit)
558 http cache gopd@https://registry.npmjs.org/gopd/-/gopd-1.2.0.tgz 0ms (cache hit)
559 http cache es-object-atoms@https://registry.npmjs.org/es-object-atoms/-/es-object-atoms-1.1.2.tgz 0ms (cache hit)
560 http cache get-proto@https://registry.npmjs.org/get-proto/-/get-proto-1.0.1.tgz 0ms (cache hit)
561 http cache socket.io-adapter@https://registry.npmjs.org/socket.io-adapter/-/socket.io-adapter-2.5.8.tgz 0ms (cache hit)
562 http cache call-bind-apply-helpers@https://registry.npmjs.org/call-bind-apply-helpers/-/call-bind-apply-helpers-1.0.2.tgz 0ms (cache hit)
563 http cache get-intrinsic@https://registry.npmjs.org/get-intrinsic/-/get-intrinsic-1.3.0.tgz 0ms (cache hit)
564 http cache function-bind@https://registry.npmjs.org/function-bind/-/function-bind-1.1.2.tgz 0ms (cache hit)
565 http cache side-channel-weakmap@https://registry.npmjs.org/side-channel-weakmap/-/side-channel-weakmap-1.0.2.tgz 0ms (cache hit)
566 http cache call-bound@https://registry.npmjs.org/call-bound/-/call-bound-1.0.4.tgz 1ms (cache hit)
567 http cache side-channel-list@https://registry.npmjs.org/side-channel-list/-/side-channel-list-1.0.1.tgz 0ms (cache hit)
568 http cache side-channel-map@https://registry.npmjs.org/side-channel-map/-/side-channel-map-1.0.1.tgz 0ms (cache hit)
569 http cache object-inspect@https://registry.npmjs.org/object-inspect/-/object-inspect-1.13.4.tgz 0ms (cache hit)
570 http cache mime@https://registry.npmjs.org/mime/-/mime-1.6.0.tgz 0ms (cache hit)
571 http cache side-channel@https://registry.npmjs.org/side-channel/-/side-channel-1.1.1.tgz 0ms (cache hit)
572 http cache es-define-property@https://registry.npmjs.org/es-define-property/-/es-define-property-1.0.1.tgz 0ms (cache hit)
573 http cache ipaddr.js@https://registry.npmjs.org/ipaddr.js/-/ipaddr.js-1.9.1.tgz 0ms (cache hit)
574 http cache es-errors@https://registry.npmjs.org/es-errors/-/es-errors-1.3.0.tgz 1ms (cache hit)
575 http cache forwarded@https://registry.npmjs.org/forwarded/-/forwarded-0.2.0.tgz 0ms (cache hit)
576 http cache ee-first@https://registry.npmjs.org/ee-first/-/ee-first-1.1.1.tgz 0ms (cache hit)
577 http cache basic-auth@https://registry.npmjs.org/basic-auth/-/basic-auth-2.0.1.tgz 0ms (cache hit)
578 http cache inherits@https://registry.npmjs.org/inherits/-/inherits-2.0.4.tgz 0ms (cache hit)
579 http cache toidentifier@https://registry.npmjs.org/toidentifier/-/toidentifier-1.0.1.tgz 1ms (cache hit)
580 http cache safer-buffer@https://registry.npmjs.org/safer-buffer/-/safer-buffer-2.1.2.tgz 0ms (cache hit)
581 http cache unpipe@https://registry.npmjs.org/unpipe/-/unpipe-1.0.0.tgz 0ms (cache hit)
582 http cache raw-body@https://registry.npmjs.org/raw-body/-/raw-body-2.5.3.tgz 0ms (cache hit)
583 http cache mime-types@https://registry.npmjs.org/mime-types/-/mime-types-2.1.35.tgz 0ms (cache hit)
584 http cache utils-merge@https://registry.npmjs.org/utils-merge/-/utils-merge-1.0.1.tgz 0ms (cache hit)
585 http cache iconv-lite@https://registry.npmjs.org/iconv-lite/-/iconv-lite-0.4.24.tgz 0ms (cache hit)
586 http cache type-is@https://registry.npmjs.org/type-is/-/type-is-1.6.18.tgz 0ms (cache hit)
587 http cache statuses@https://registry.npmjs.org/statuses/-/statuses-2.0.2.tgz 0ms (cache hit)
588 http cache setprototypeof@https://registry.npmjs.org/setprototypeof/-/setprototypeof-1.2.0.tgz 0ms (cache hit)
589 http cache serve-static@https://registry.npmjs.org/serve-static/-/serve-static-1.16.3.tgz 0ms (cache hit)
590 http cache send@https://registry.npmjs.org/send/-/send-0.19.2.tgz 0ms (cache hit)
591 http cache range-parser@https://registry.npmjs.org/range-parser/-/range-parser-1.2.1.tgz 1ms (cache hit)
592 http cache qs@https://registry.npmjs.org/qs/-/qs-6.16.0.tgz 0ms (cache hit)
593 http cache proxy-addr@https://registry.npmjs.org/proxy-addr/-/proxy-addr-2.0.8.tgz 0ms (cache hit)
594 http cache path-to-regexp@https://registry.npmjs.org/path-to-regexp/-/path-to-regexp-0.1.13.tgz 0ms (cache hit)
595 http cache parseurl@https://registry.npmjs.org/parseurl/-/parseurl-1.3.3.tgz 0ms (cache hit)
596 http cache methods@https://registry.npmjs.org/methods/-/methods-1.1.2.tgz 1ms (cache hit)
597 http cache on-finished@https://registry.npmjs.org/on-finished/-/on-finished-2.4.1.tgz 0ms (cache hit)
598 http cache merge-descriptors@https://registry.npmjs.org/merge-descriptors/-/merge-descriptors-1.0.3.tgz 0ms (cache hit)
599 http cache http-errors@https://registry.npmjs.org/http-errors/-/http-errors-2.0.1.tgz 0ms (cache hit)
600 http cache fresh@https://registry.npmjs.org/fresh/-/fresh-0.5.2.tgz 0ms (cache hit)
601 http cache finalhandler@https://registry.npmjs.org/finalhandler/-/finalhandler-1.3.2.tgz 1ms (cache hit)
602 http cache etag@https://registry.npmjs.org/etag/-/etag-1.8.1.tgz 0ms (cache hit)
603 http cache escape-html@https://registry.npmjs.org/escape-html/-/escape-html-1.0.3.tgz 0ms (cache hit)
604 http cache encodeurl@https://registry.npmjs.org/encodeurl/-/encodeurl-2.0.0.tgz 0ms (cache hit)
605 http cache depd@https://registry.npmjs.org/depd/-/depd-2.0.0.tgz 0ms (cache hit)
606 http cache cookie-signature@https://registry.npmjs.org/cookie-signature/-/cookie-signature-1.0.7.tgz 0ms (cache hit)
607 http cache cookie@https://registry.npmjs.org/cookie/-/cookie-0.7.2.tgz 0ms (cache hit)
608 http cache content-type@https://registry.npmjs.org/content-type/-/content-type-1.0.5.tgz 0ms (cache hit)
609 http cache content-disposition@https://registry.npmjs.org/content-disposition/-/content-disposition-0.5.4.tgz 0ms (cache hit)
610 http cache body-parser@https://registry.npmjs.org/body-parser/-/body-parser-1.20.8.tgz 0ms (cache hit)
611 http cache array-flatten@https://registry.npmjs.org/array-flatten/-/array-flatten-1.1.1.tgz 0ms (cache hit)
612 http cache accepts@https://registry.npmjs.org/accepts/-/accepts-1.3.8.tgz 0ms (cache hit)
613 http cache ms@https://registry.npmjs.org/ms/-/ms-2.0.0.tgz 0ms (cache hit)
614 http cache object-assign@https://registry.npmjs.org/object-assign/-/object-assign-4.1.1.tgz 0ms (cache hit)
615 http cache mime-db@https://registry.npmjs.org/mime-db/-/mime-db-1.54.0.tgz 0ms (cache hit)
616 http cache vary@https://registry.npmjs.org/vary/-/vary-1.1.2.tgz 0ms (cache hit)
617 http cache safe-buffer@https://registry.npmjs.org/safe-buffer/-/safe-buffer-5.2.1.tgz 0ms (cache hit)
618 http cache on-headers@https://registry.npmjs.org/on-headers/-/on-headers-1.1.0.tgz 1ms (cache hit)
619 http cache negotiator@https://registry.npmjs.org/negotiator/-/negotiator-0.6.4.tgz 0ms (cache hit)
620 http cache destroy@https://registry.npmjs.org/destroy/-/destroy-1.2.0.tgz 0ms (cache hit)
621 http cache debug@https://registry.npmjs.org/debug/-/debug-2.6.9.tgz 0ms (cache hit)
622 http cache compressible@https://registry.npmjs.org/compressible/-/compressible-2.0.18.tgz 0ms (cache hit)
623 http cache bytes@https://registry.npmjs.org/bytes/-/bytes-3.1.2.tgz 0ms (cache hit)
624 http cache uuid@https://registry.npmjs.org/uuid/-/uuid-9.0.1.tgz 0ms (cache hit)
625 http cache socket.io@https://registry.npmjs.org/socket.io/-/socket.io-4.8.3.tgz 0ms (cache hit)
626 http cache morgan@https://registry.npmjs.org/morgan/-/morgan-1.12.1.tgz 0ms (cache hit)
627 http cache helmet@https://registry.npmjs.org/helmet/-/helmet-7.2.0.tgz 0ms (cache hit)
628 http cache express-rate-limit@https://registry.npmjs.org/express-rate-limit/-/express-rate-limit-7.5.1.tgz 0ms (cache hit)
629 http cache express@https://registry.npmjs.org/express/-/express-4.22.3.tgz 0ms (cache hit)
630 http cache dotenv@https://registry.npmjs.org/dotenv/-/dotenv-16.6.1.tgz 0ms (cache hit)
631 http cache compression@https://registry.npmjs.org/compression/-/compression-1.8.2.tgz 0ms (cache hit)
632 http cache cors@https://registry.npmjs.org/cors/-/cors-2.8.6.tgz 0ms (cache hit)
633 http cache debug@https://registry.npmjs.org/debug/-/debug-4.4.3.tgz 0ms (cache hit)
634 http cache ms@https://registry.npmjs.org/ms/-/ms-2.1.3.tgz 0ms (cache hit)
635 http cache ms@https://registry.npmjs.org/ms/-/ms-2.1.3.tgz 0ms (cache hit)
636 http cache debug@https://registry.npmjs.org/debug/-/debug-4.4.3.tgz 0ms (cache hit)
637 http cache debug@https://registry.npmjs.org/debug/-/debug-4.4.3.tgz 0ms (cache hit)
638 http cache ms@https://registry.npmjs.org/ms/-/ms-2.1.3.tgz 0ms (cache hit)
639 http cache safe-buffer@https://registry.npmjs.org/safe-buffer/-/safe-buffer-5.1.2.tgz 0ms (cache hit)
640 http cache mime-db@https://registry.npmjs.org/mime-db/-/mime-db-1.52.0.tgz 1ms (cache hit)
641 http cache ms@https://registry.npmjs.org/ms/-/ms-2.1.3.tgz 0ms (cache hit)
642 http cache negotiator@https://registry.npmjs.org/negotiator/-/negotiator-0.6.3.tgz 0ms (cache hit)
643 http cache ms@https://registry.npmjs.org/ms/-/ms-2.1.3.tgz 0ms (cache hit)
644 http cache debug@https://registry.npmjs.org/debug/-/debug-4.4.3.tgz 0ms (cache hit)
645 http fetch POST 200 https://registry.npmjs.org/-/npm/v1/security/advisories/bulk 1342ms
646 silly audit report {
646 silly audit report   uuid: [
646 silly audit report     {
646 silly audit report       id: 1119441,
646 silly audit report       url: 'https://github.com/advisories/GHSA-w5hq-g745-h8pq',
646 silly audit report       title: 'uuid: Missing buffer bounds check in v3/v5/v6 when buf is provided',
646 silly audit report       severity: 'moderate',
646 silly audit report       vulnerable_versions: '<11.1.1',
646 silly audit report       cwe: [Array],
646 silly audit report       cvss: [Object]
646 silly audit report     }
646 silly audit report   ]
646 silly audit report }
647 silly packumentCache corgi:https://registry.npmjs.org/uuid cache-miss
648 http cache https://registry.npmjs.org/uuid 208ms (cache hit)
649 silly packumentCache corgi:https://registry.npmjs.org/uuid set size:84321 disposed:false
650 warn deprecated uuid@9.0.1: uuid@10 and below is no longer supported.  For ESM codebases, update to uuid@latest.  For CommonJS codebases, use uuid@11 (but be aware this version will likely be deprecated in 2028).
651 silly ADD node_modules/media-typer
652 silly ADD node_modules/@socket.io/component-emitter
653 silly ADD node_modules/undici-types
654 silly ADD node_modules/ws
655 silly ADD node_modules/engine.io-parser
656 silly ADD node_modules/@types/ws
657 silly ADD node_modules/@types/node
658 silly ADD node_modules/@types/cors
659 silly ADD node_modules/socket.io-parser
660 silly ADD node_modules/socket.io-parser/node_modules/ms
661 silly ADD node_modules/socket.io-parser/node_modules/debug
662 silly ADD node_modules/socket.io-adapter
663 silly ADD node_modules/socket.io-adapter/node_modules/ms
664 silly ADD node_modules/socket.io-adapter/node_modules/debug
665 silly ADD node_modules/engine.io
666 silly ADD node_modules/engine.io/node_modules/ms
667 silly ADD node_modules/engine.io/node_modules/debug
668 silly ADD node_modules/base64id
669 silly ADD node_modules/dunder-proto
670 silly ADD node_modules/math-intrinsics
671 silly ADD node_modules/hasown
672 silly ADD node_modules/has-symbols
673 silly ADD node_modules/gopd
674 silly ADD node_modules/get-proto
675 silly ADD node_modules/es-object-atoms
676 silly ADD node_modules/function-bind
677 silly ADD node_modules/call-bind-apply-helpers
678 silly ADD node_modules/get-intrinsic
679 silly ADD node_modules/call-bound
680 silly ADD node_modules/side-channel-weakmap
681 silly ADD node_modules/side-channel-map
682 silly ADD node_modules/side-channel-list
683 silly ADD node_modules/object-inspect
684 silly ADD node_modules/es-errors
685 silly ADD node_modules/mime
686 silly ADD node_modules/side-channel
687 silly ADD node_modules/es-define-property
688 silly ADD node_modules/ipaddr.js
689 silly ADD node_modules/forwarded
690 silly ADD node_modules/ee-first
691 silly ADD node_modules/basic-auth
692 silly ADD node_modules/basic-auth/node_modules/safe-buffer
693 silly ADD node_modules/safer-buffer
694 silly ADD node_modules/toidentifier
695 silly ADD node_modules/inherits
696 silly ADD node_modules/unpipe
697 silly ADD node_modules/raw-body
698 silly ADD node_modules/iconv-lite
699 silly ADD node_modules/mime-types
700 silly ADD node_modules/mime-types/node_modules/mime-db
701 silly ADD node_modules/utils-merge
702 silly ADD node_modules/type-is
703 silly ADD node_modules/statuses
704 silly ADD node_modules/setprototypeof
705 silly ADD node_modules/serve-static
706 silly ADD node_modules/send
707 silly ADD node_modules/send/node_modules/ms
708 silly ADD node_modules/range-parser
709 silly ADD node_modules/qs
710 silly ADD node_modules/proxy-addr
711 silly ADD node_modules/path-to-regexp
712 silly ADD node_modules/parseurl
713 silly ADD node_modules/on-finished
714 silly ADD node_modules/methods
715 silly ADD node_modules/merge-descriptors
716 silly ADD node_modules/http-errors
717 silly ADD node_modules/fresh
718 silly ADD node_modules/finalhandler
719 silly ADD node_modules/etag
720 silly ADD node_modules/escape-html
721 silly ADD node_modules/encodeurl
722 silly ADD node_modules/depd
723 silly ADD node_modules/cookie-signature
724 silly ADD node_modules/cookie
725 silly ADD node_modules/content-type
726 silly ADD node_modules/content-disposition
727 silly ADD node_modules/body-parser
728 silly ADD node_modules/array-flatten
729 silly ADD node_modules/accepts
730 silly ADD node_modules/accepts/node_modules/negotiator
731 silly ADD node_modules/ms
732 silly ADD node_modules/object-assign
733 silly ADD node_modules/mime-db
734 silly ADD node_modules/vary
735 silly ADD node_modules/safe-buffer
736 silly ADD node_modules/on-headers
737 silly ADD node_modules/negotiator
738 silly ADD node_modules/destroy
739 silly ADD node_modules/debug
740 silly ADD node_modules/compressible
741 silly ADD node_modules/bytes
742 silly ADD node_modules/uuid
743 silly ADD node_modules/socket.io
744 silly ADD node_modules/socket.io/node_modules/ms
745 silly ADD node_modules/socket.io/node_modules/debug
746 silly ADD node_modules/morgan
747 silly ADD node_modules/helmet
748 silly ADD node_modules/express-rate-limit
749 silly ADD node_modules/express
750 silly ADD node_modules/dotenv
751 silly ADD node_modules/cors
752 silly ADD node_modules/compression
753 verbose cwd /data/data/com.termux/files/home/lamha
754 verbose os Linux 5.10.237-android12-9-00014-gf82f7360927e-ab14119954
755 verbose node v26.3.1
756 verbose npm  v11.17.0
757 verbose exit 0
758 info ok
