0 verbose cli /data/data/com.termux/files/usr/bin/node /data/data/com.termux/files/usr/bin/npm
1 info using npm@11.17.0
2 info using node@v26.3.1
3 silly config load:file:/data/data/com.termux/files/usr/lib/node_modules/npm/npmrc
4 silly config load:file:/data/data/com.termux/files/home/lamha/.npmrc
5 silly config load:file:/data/data/com.termux/files/home/.npmrc
6 silly config load:file:/data/data/com.termux/files/usr/etc/npmrc
7 verbose title npm start
8 verbose argv "start"
9 verbose logfile logs-max:10 dir:/data/data/com.termux/files/home/.npm/_logs/2026-09-21T03_55_11_415Z-
10 verbose logfile /data/data/com.termux/files/home/.npm/_logs/2026-09-21T03_55_11_415Z-debug-0.log
11 silly logfile start cleaning logs, removing 1 files
12 silly logfile done cleaning log files
13 verbose stack Error: Could not read package.json: Error: ENOENT: no such file or directory, open '/data/data/com.termux/files/home/lamha/package.json'
13 verbose stack     at async open (node:internal/fs/promises:1287:25)
13 verbose stack     at async readFile (node:internal/fs/promises:1938:14)
13 verbose stack     at async read (/data/data/com.termux/files/usr/lib/node_modules/npm/node_modules/@npmcli/package-json/lib/read-package.js:9:18)
13 verbose stack     at async PackageJson.load (/data/data/com.termux/files/usr/lib/node_modules/npm/node_modules/@npmcli/package-json/lib/index.js:131:31)
13 verbose stack     at async PackageJson.normalize (/data/data/com.termux/files/usr/lib/node_modules/npm/node_modules/@npmcli/package-json/lib/index.js:117:5)
13 verbose stack     at async #run (/data/data/com.termux/files/usr/lib/node_modules/npm/lib/commands/run.js:90:13)
13 verbose stack     at async RunScript.exec (/data/data/com.termux/files/usr/lib/node_modules/npm/lib/commands/run.js:44:7)
13 verbose stack     at async Npm.exec (/data/data/com.termux/files/usr/lib/node_modules/npm/lib/npm.js:193:9)
13 verbose stack     at async module.exports (/data/data/com.termux/files/usr/lib/node_modules/npm/lib/cli/entry.js:67:5)
14 error code ENOENT
15 error syscall open
16 error path /data/data/com.termux/files/home/lamha/package.json
17 error errno -2
18 error enoent Could not read package.json: Error: ENOENT: no such file or directory, open '/data/data/com.termux/files/home/lamha/package.json'
19 error enoent This is related to npm not being able to find a file.
19 error enoent
20 verbose cwd /data/data/com.termux/files/home/lamha
21 verbose os Linux 5.10.237-android12-9-00014-gf82f7360927e-ab14119954
22 verbose node v26.3.1
23 verbose npm  v11.17.0
24 verbose exit -2
25 verbose code -2
26 error A complete log of this run can be found in: /data/data/com.termux/files/home/.npm/_logs/2026-09-21T03_55_11_415Z-debug-0.log
