0 verbose cli /data/data/com.termux/files/usr/bin/node /data/data/com.termux/files/usr/bin/npm
1 info using npm@11.17.0
2 info using node@v26.3.1
3 silly config load:file:/data/data/com.termux/files/usr/lib/node_modules/npm/npmrc
4 silly config load:file:/data/data/com.termux/files/home/lamha/.npmrc
5 silly config load:file:/data/data/com.termux/files/home/.npmrc
6 silly config load:file:/data/data/com.termux/files/usr/etc/npmrc
7 verbose title npm install
8 verbose argv "install"
9 verbose logfile logs-max:10 dir:/data/data/com.termux/files/home/.npm/_logs/2026-09-21T04_48_56_193Z-
10 verbose logfile /data/data/com.termux/files/home/.npm/_logs/2026-09-21T04_48_56_193Z-debug-0.log
11 silly logfile start cleaning logs, removing 1 files
12 silly logfile done cleaning log files
13 silly packumentCache heap:812646400 maxSize:203161600 maxEntrySize:101580800
14 silly idealTree buildDeps
15 silly fetch manifest compression@^1.7.4
16 silly packumentCache full:https://registry.npmjs.org/compression cache-miss
17 http fetch GET 200 https://registry.npmjs.org/compression 492ms (cache revalidated)
18 silly packumentCache full:https://registry.npmjs.org/compression set size:101173 disposed:false
19 silly fetch manifest cors@^2.8.5
20 silly packumentCache full:https://registry.npmjs.org/cors cache-miss
21 http fetch GET 200 https://registry.npmjs.org/cors 93ms (cache revalidated)
22 silly packumentCache full:https://registry.npmjs.org/cors set size:77956 disposed:false
23 silly fetch manifest dotenv@^16.4.5
24 silly packumentCache full:https://registry.npmjs.org/dotenv cache-miss
25 http fetch GET 200 https://registry.npmjs.org/dotenv 99ms (cache revalidated)
26 silly packumentCache full:https://registry.npmjs.org/dotenv set size:281833 disposed:false
27 silly fetch manifest express@^4.19.2
28 silly packumentCache full:https://registry.npmjs.org/express cache-miss
29 http fetch GET 200 https://registry.npmjs.org/express 105ms (cache revalidated)
30 silly packumentCache full:https://registry.npmjs.org/express set size:808982 disposed:false
31 silly fetch manifest express-rate-limit@^7.4.0
32 silly packumentCache full:https://registry.npmjs.org/express-rate-limit cache-miss
33 http fetch GET 200 https://registry.npmjs.org/express-rate-limit 107ms (cache revalidated)
34 silly packumentCache full:https://registry.npmjs.org/express-rate-limit set size:461272 disposed:false
35 silly fetch manifest helmet@^7.1.0
36 silly packumentCache full:https://registry.npmjs.org/helmet cache-miss
37 http fetch GET 200 https://registry.npmjs.org/helmet 97ms (cache revalidated)
38 silly packumentCache full:https://registry.npmjs.org/helmet set size:345403 disposed:false
39 silly fetch manifest morgan@^1.10.0
40 silly packumentCache full:https://registry.npmjs.org/morgan cache-miss
41 http fetch GET 200 https://registry.npmjs.org/morgan 294ms (cache revalidated)
42 silly packumentCache full:https://registry.npmjs.org/morgan set size:85360 disposed:false
43 silly fetch manifest socket.io@^4.7.5
44 silly packumentCache full:https://registry.npmjs.org/socket.io cache-miss
45 http fetch GET 200 https://registry.npmjs.org/socket.io 310ms (cache revalidated)
46 silly packumentCache full:https://registry.npmjs.org/socket.io set size:379231 disposed:false
47 silly fetch manifest uuid@^9.0.1
48 silly packumentCache full:https://registry.npmjs.org/uuid cache-miss
49 http fetch GET 200 https://registry.npmjs.org/uuid 141ms (cache revalidated)
50 silly packumentCache full:https://registry.npmjs.org/uuid set size:260936 disposed:false
51 silly placeDep ROOT compression@1.8.2 OK for: lamha-server@0.1.0 want: ^1.7.4
52 silly placeDep ROOT cors@2.8.6 OK for: lamha-server@0.1.0 want: ^2.8.5
53 silly placeDep ROOT dotenv@16.6.1 OK for: lamha-server@0.1.0 want: ^16.4.5
54 silly placeDep ROOT express@4.22.3 OK for: lamha-server@0.1.0 want: ^4.19.2
55 silly placeDep ROOT express-rate-limit@7.5.1 OK for: lamha-server@0.1.0 want: ^7.4.0
56 silly placeDep ROOT helmet@7.2.0 OK for: lamha-server@0.1.0 want: ^7.1.0
57 silly placeDep ROOT morgan@1.12.1 OK for: lamha-server@0.1.0 want: ^1.10.0
58 silly placeDep ROOT socket.io@4.8.3 OK for: lamha-server@0.1.0 want: ^4.7.5
59 silly placeDep ROOT uuid@9.0.1 OK for: lamha-server@0.1.0 want: ^9.0.1
60 silly fetch manifest vary@~1.1.2
61 silly packumentCache full:https://registry.npmjs.org/vary cache-miss
62 silly fetch manifest bytes@3.1.2
63 silly packumentCache full:https://registry.npmjs.org/bytes cache-miss
64 silly fetch manifest debug@2.6.9
65 silly packumentCache full:https://registry.npmjs.org/debug cache-miss
66 silly fetch manifest destroy@1.2.0
67 silly packumentCache full:https://registry.npmjs.org/destroy cache-miss
68 silly fetch manifest negotiator@~0.6.4
69 silly packumentCache full:https://registry.npmjs.org/negotiator cache-miss
70 silly fetch manifest on-headers@~1.1.0
71 silly packumentCache full:https://registry.npmjs.org/on-headers cache-miss
72 silly fetch manifest safe-buffer@5.2.1
73 silly packumentCache full:https://registry.npmjs.org/safe-buffer cache-miss
74 http fetch GET 200 https://registry.npmjs.org/vary 159ms (cache revalidated)
75 silly packumentCache full:https://registry.npmjs.org/vary set size:15994 disposed:false
76 silly fetch manifest compressible@~2.0.18
77 silly packumentCache full:https://registry.npmjs.org/compressible cache-miss
78 http fetch GET 200 https://registry.npmjs.org/compressible 133ms (cache revalidated)
79 silly packumentCache full:https://registry.npmjs.org/compressible set size:61733 disposed:false
80 silly fetch manifest object-assign@^4
81 silly packumentCache full:https://registry.npmjs.org/object-assign cache-miss
82 http fetch GET 200 https://registry.npmjs.org/debug 356ms (cache revalidated)
83 silly packumentCache full:https://registry.npmjs.org/debug set size:195840 disposed:false
84 silly fetch manifest vary@^1
85 silly packumentCache full:https://registry.npmjs.org/vary cache-hit
86 silly fetch manifest qs@~6.16.0
87 silly packumentCache full:https://registry.npmjs.org/qs cache-miss
88 http fetch GET 200 https://registry.npmjs.org/destroy 388ms (cache revalidated)
89 silly packumentCache full:https://registry.npmjs.org/destroy set size:15738 disposed:false
90 silly fetch manifest depd@2.0.0
91 silly packumentCache full:https://registry.npmjs.org/depd cache-miss
92 http fetch GET 200 https://registry.npmjs.org/bytes 400ms (cache revalidated)
93 silly packumentCache full:https://registry.npmjs.org/bytes set size:37018 disposed:false
94 silly fetch manifest etag@~1.8.1
95 silly packumentCache full:https://registry.npmjs.org/etag cache-miss
96 http fetch GET 200 https://registry.npmjs.org/safe-buffer 418ms (cache revalidated)
97 silly packumentCache full:https://registry.npmjs.org/safe-buffer set size:41183 disposed:false
98 silly fetch manifest send@~0.19.0
99 silly packumentCache full:https://registry.npmjs.org/send cache-miss
100 http fetch GET 200 https://registry.npmjs.org/negotiator 432ms (cache revalidated)
101 silly packumentCache full:https://registry.npmjs.org/negotiator set size:56148 disposed:false
102 silly fetch manifest fresh@~0.5.2
103 silly packumentCache full:https://registry.npmjs.org/fresh cache-miss
104 http fetch GET 200 https://registry.npmjs.org/on-headers 445ms (cache revalidated)
105 silly packumentCache full:https://registry.npmjs.org/on-headers set size:13226 disposed:false
106 silly fetch manifest cookie@~0.7.1
107 silly packumentCache full:https://registry.npmjs.org/cookie cache-miss
108 http fetch GET 200 https://registry.npmjs.org/object-assign 149ms (cache revalidated)
109 silly packumentCache full:https://registry.npmjs.org/object-assign set size:28988 disposed:false
110 silly fetch manifest accepts@~1.3.8
111 silly packumentCache full:https://registry.npmjs.org/accepts cache-miss
112 http fetch GET 200 https://registry.npmjs.org/qs 170ms (cache revalidated)
113 silly packumentCache full:https://registry.npmjs.org/qs set size:365613 disposed:false
114 silly fetch manifest methods@~1.1.2
115 silly packumentCache full:https://registry.npmjs.org/methods cache-miss
116 http fetch GET 200 https://registry.npmjs.org/depd 212ms (cache revalidated)
117 silly packumentCache full:https://registry.npmjs.org/depd set size:40182 disposed:false
118 silly fetch manifest type-is@~1.6.18
119 silly packumentCache full:https://registry.npmjs.org/type-is cache-miss
120 http fetch GET 200 https://registry.npmjs.org/etag 210ms (cache revalidated)
121 silly packumentCache full:https://registry.npmjs.org/etag set size:30032 disposed:false
122 silly fetch manifest parseurl@~1.3.3
123 silly packumentCache full:https://registry.npmjs.org/parseurl cache-miss
124 http fetch GET 200 https://registry.npmjs.org/fresh 177ms (cache revalidated)
125 silly packumentCache full:https://registry.npmjs.org/fresh set size:25427 disposed:false
126 silly fetch manifest statuses@~2.0.1
127 silly packumentCache full:https://registry.npmjs.org/statuses cache-miss
128 http fetch GET 200 https://registry.npmjs.org/send 199ms (cache revalidated)
129 silly packumentCache full:https://registry.npmjs.org/send set size:152810 disposed:false
130 silly fetch manifest encodeurl@~2.0.0
131 silly packumentCache full:https://registry.npmjs.org/encodeurl cache-miss
132 http fetch GET 200 https://registry.npmjs.org/cookie 197ms (cache revalidated)
133 silly packumentCache full:https://registry.npmjs.org/cookie set size:78274 disposed:false
134 silly fetch manifest proxy-addr@~2.0.7
135 silly packumentCache full:https://registry.npmjs.org/proxy-addr cache-miss
136 http fetch GET 200 https://registry.npmjs.org/accepts 201ms (cache revalidated)
137 silly packumentCache full:https://registry.npmjs.org/accepts set size:77054 disposed:false
138 silly fetch manifest body-parser@~1.20.5
139 silly packumentCache full:https://registry.npmjs.org/body-parser cache-miss
140 http fetch GET 200 https://registry.npmjs.org/methods 197ms (cache revalidated)
141 silly packumentCache full:https://registry.npmjs.org/methods set size:12600 disposed:false
142 silly fetch manifest escape-html@~1.0.3
143 silly packumentCache full:https://registry.npmjs.org/escape-html cache-miss
144 http fetch GET 200 https://registry.npmjs.org/statuses 167ms (cache revalidated)
145 silly packumentCache full:https://registry.npmjs.org/statuses set size:37117 disposed:false
146 silly fetch manifest http-errors@~2.0.0
147 silly packumentCache full:https://registry.npmjs.org/http-errors cache-miss
148 http fetch GET 200 https://registry.npmjs.org/parseurl 184ms (cache revalidated)
149 silly packumentCache full:https://registry.npmjs.org/parseurl set size:24148 disposed:false
150 silly fetch manifest on-finished@~2.4.1
151 silly packumentCache full:https://registry.npmjs.org/on-finished cache-miss
152 http fetch GET 200 https://registry.npmjs.org/type-is 210ms (cache revalidated)
153 silly packumentCache full:https://registry.npmjs.org/type-is set size:88614 disposed:false
154 silly fetch manifest utils-merge@1.0.1
155 silly packumentCache full:https://registry.npmjs.org/utils-merge cache-miss
156 http fetch GET 200 https://registry.npmjs.org/proxy-addr 176ms (cache revalidated)
157 silly packumentCache full:https://registry.npmjs.org/proxy-addr set size:64125 disposed:false
158 silly fetch manifest content-type@~1.0.4
159 silly packumentCache full:https://registry.npmjs.org/content-type cache-miss
160 http fetch GET 200 https://registry.npmjs.org/encodeurl 204ms (cache revalidated)
161 silly packumentCache full:https://registry.npmjs.org/encodeurl set size:12296 disposed:false
162 silly fetch manifest finalhandler@~1.3.1
163 silly packumentCache full:https://registry.npmjs.org/finalhandler cache-miss
164 http fetch GET 200 https://registry.npmjs.org/body-parser 204ms (cache revalidated)
165 silly packumentCache full:https://registry.npmjs.org/body-parser set size:207391 disposed:false
166 silly fetch manifest range-parser@~1.2.1
167 silly packumentCache full:https://registry.npmjs.org/range-parser cache-miss
168 http fetch GET 200 https://registry.npmjs.org/escape-html 174ms (cache revalidated)
169 silly packumentCache full:https://registry.npmjs.org/escape-html set size:7345 disposed:false
170 silly fetch manifest serve-static@~1.16.2
171 silly packumentCache full:https://registry.npmjs.org/serve-static cache-miss
172 http fetch GET 200 https://registry.npmjs.org/http-errors 158ms (cache revalidated)
173 silly packumentCache full:https://registry.npmjs.org/http-errors set size:71987 disposed:false
174 silly fetch manifest array-flatten@1.1.1
175 silly packumentCache full:https://registry.npmjs.org/array-flatten cache-miss
176 http fetch GET 200 https://registry.npmjs.org/utils-merge 162ms (cache revalidated)
177 silly packumentCache full:https://registry.npmjs.org/utils-merge set size:5237 disposed:false
178 silly fetch manifest path-to-regexp@~0.1.13
179 silly packumentCache full:https://registry.npmjs.org/path-to-regexp cache-miss
180 http fetch GET 200 https://registry.npmjs.org/on-finished 192ms (cache revalidated)
181 silly packumentCache full:https://registry.npmjs.org/on-finished set size:23212 disposed:false
182 silly fetch manifest setprototypeof@1.2.0
183 silly packumentCache full:https://registry.npmjs.org/setprototypeof cache-miss
184 http fetch GET 200 https://registry.npmjs.org/content-type 177ms (cache revalidated)
185 silly packumentCache full:https://registry.npmjs.org/content-type set size:29578 disposed:false
186 silly fetch manifest cookie-signature@~1.0.6
187 silly packumentCache full:https://registry.npmjs.org/cookie-signature cache-miss
188 http fetch GET 200 https://registry.npmjs.org/finalhandler 202ms (cache revalidated)
189 silly packumentCache full:https://registry.npmjs.org/finalhandler set size:79291 disposed:false
190 silly fetch manifest merge-descriptors@1.0.3
191 silly packumentCache full:https://registry.npmjs.org/merge-descriptors cache-miss
192 http fetch GET 200 https://registry.npmjs.org/range-parser 176ms (cache revalidated)
193 silly packumentCache full:https://registry.npmjs.org/range-parser set size:24852 disposed:false
194 silly fetch manifest content-disposition@~0.5.4
195 silly packumentCache full:https://registry.npmjs.org/content-disposition cache-miss
196 http fetch GET 200 https://registry.npmjs.org/serve-static 174ms (cache revalidated)
197 silly packumentCache full:https://registry.npmjs.org/serve-static set size:150391 disposed:false
198 silly fetch manifest depd@~2.0.0
199 silly packumentCache full:https://registry.npmjs.org/depd cache-hit
200 silly fetch manifest basic-auth@~2.0.1
201 silly packumentCache full:https://registry.npmjs.org/basic-auth cache-miss
202 http fetch GET 200 https://registry.npmjs.org/array-flatten 181ms (cache revalidated)
203 silly packumentCache full:https://registry.npmjs.org/array-flatten set size:24005 disposed:false
204 silly fetch manifest accepts@~1.3.4
205 silly packumentCache full:https://registry.npmjs.org/accepts cache-hit
206 silly fetch manifest base64id@~2.0.0
207 silly packumentCache full:https://registry.npmjs.org/base64id cache-miss
208 http fetch GET 200 https://registry.npmjs.org/path-to-regexp 196ms (cache revalidated)
209 silly packumentCache full:https://registry.npmjs.org/path-to-regexp set size:216334 disposed:false
210 silly fetch manifest debug@~4.4.1
211 silly packumentCache full:https://registry.npmjs.org/debug cache-hit
212 silly fetch manifest engine.io@~6.6.0
213 silly packumentCache full:https://registry.npmjs.org/engine.io cache-miss
214 http fetch GET 200 https://registry.npmjs.org/setprototypeof 216ms (cache revalidated)
215 silly packumentCache full:https://registry.npmjs.org/setprototypeof set size:14532 disposed:false
216 silly fetch manifest socket.io-adapter@~2.5.2
217 silly packumentCache full:https://registry.npmjs.org/socket.io-adapter cache-miss
218 http fetch GET 200 https://registry.npmjs.org/cookie-signature 202ms (cache revalidated)
219 silly packumentCache full:https://registry.npmjs.org/cookie-signature set size:21777 disposed:false
220 silly fetch manifest socket.io-parser@~4.2.4
221 silly packumentCache full:https://registry.npmjs.org/socket.io-parser cache-miss
222 http fetch GET 200 https://registry.npmjs.org/merge-descriptors 171ms (cache revalidated)
223 silly packumentCache full:https://registry.npmjs.org/merge-descriptors set size:16527 disposed:false
224 http fetch GET 200 https://registry.npmjs.org/content-disposition 183ms (cache revalidated)
225 silly packumentCache full:https://registry.npmjs.org/content-disposition set size:45446 disposed:false
226 http fetch GET 200 https://registry.npmjs.org/base64id 163ms (cache revalidated)
227 silly packumentCache full:https://registry.npmjs.org/base64id set size:6136 disposed:false
228 http fetch GET 200 https://registry.npmjs.org/socket.io-parser 126ms (cache revalidated)
229 silly packumentCache full:https://registry.npmjs.org/socket.io-parser set size:130849 disposed:false
230 http fetch GET 200 https://registry.npmjs.org/basic-auth 348ms (cache revalidated)
231 silly packumentCache full:https://registry.npmjs.org/basic-auth set size:24387 disposed:false
232 http fetch GET 200 https://registry.npmjs.org/socket.io-adapter 294ms (cache revalidated)
233 silly packumentCache full:https://registry.npmjs.org/socket.io-adapter set size:71138 disposed:false
234 http fetch GET 200 https://registry.npmjs.org/engine.io 316ms (cache revalidated)
235 silly packumentCache full:https://registry.npmjs.org/engine.io set size:399115 disposed:false
236 silly placeDep ROOT bytes@3.1.2 OK for: compression@1.8.2 want: 3.1.2
237 silly placeDep ROOT compressible@2.0.18 OK for: compression@1.8.2 want: ~2.0.18
238 silly placeDep ROOT debug@2.6.9 OK for: compression@1.8.2 want: 2.6.9
239 silly placeDep ROOT destroy@1.2.0 OK for: compression@1.8.2 want: 1.2.0
240 silly placeDep ROOT negotiator@0.6.4 OK for: compression@1.8.2 want: ~0.6.4
241 silly placeDep ROOT on-headers@1.1.0 OK for: compression@1.8.2 want: ~1.1.0
242 silly placeDep ROOT safe-buffer@5.2.1 OK for: compression@1.8.2 want: 5.2.1
243 silly placeDep ROOT vary@1.1.2 OK for: compression@1.8.2 want: ~1.1.2
244 silly fetch manifest mime-db@>= 1.43.0 < 2
245 silly packumentCache full:https://registry.npmjs.org/mime-db cache-miss
246 silly fetch manifest ms@2.0.0
247 silly packumentCache full:https://registry.npmjs.org/ms cache-miss
248 http fetch GET 200 https://registry.npmjs.org/mime-db 111ms (cache revalidated)
249 silly packumentCache full:https://registry.npmjs.org/mime-db set size:164953 disposed:false
250 http fetch GET 200 https://registry.npmjs.org/ms 124ms (cache revalidated)
251 silly packumentCache full:https://registry.npmjs.org/ms set size:92208 disposed:false
252 silly placeDep ROOT mime-db@1.54.0 OK for: compressible@2.0.18 want: >= 1.43.0 < 2
253 silly placeDep ROOT object-assign@4.1.1 OK for: cors@2.8.6 want: ^4
254 silly placeDep ROOT ms@2.0.0 OK for: debug@2.6.9 want: 2.0.0
255 silly placeDep ROOT accepts@1.3.8 OK for: express@4.22.3 want: ~1.3.8
256 silly placeDep ROOT array-flatten@1.1.1 OK for: express@4.22.3 want: 1.1.1
257 silly placeDep ROOT body-parser@1.20.8 OK for: express@4.22.3 want: ~1.20.5
258 silly placeDep ROOT content-disposition@0.5.4 OK for: express@4.22.3 want: ~0.5.4
259 silly placeDep ROOT content-type@1.0.5 OK for: express@4.22.3 want: ~1.0.4
260 silly placeDep ROOT cookie@0.7.2 OK for: express@4.22.3 want: ~0.7.1
261 silly placeDep ROOT cookie-signature@1.0.7 OK for: express@4.22.3 want: ~1.0.6
262 silly placeDep ROOT depd@2.0.0 OK for: express@4.22.3 want: 2.0.0
263 silly placeDep ROOT encodeurl@2.0.0 OK for: express@4.22.3 want: ~2.0.0
264 silly placeDep ROOT escape-html@1.0.3 OK for: express@4.22.3 want: ~1.0.3
265 silly placeDep ROOT etag@1.8.1 OK for: express@4.22.3 want: ~1.8.1
266 silly placeDep ROOT finalhandler@1.3.2 OK for: express@4.22.3 want: ~1.3.1
267 silly placeDep ROOT fresh@0.5.2 OK for: express@4.22.3 want: ~0.5.2
268 silly placeDep ROOT http-errors@2.0.1 OK for: express@4.22.3 want: ~2.0.0
269 silly placeDep ROOT merge-descriptors@1.0.3 OK for: express@4.22.3 want: 1.0.3
270 silly placeDep ROOT methods@1.1.2 OK for: express@4.22.3 want: ~1.1.2
271 silly placeDep ROOT on-finished@2.4.1 OK for: express@4.22.3 want: ~2.4.1
272 silly placeDep ROOT parseurl@1.3.3 OK for: express@4.22.3 want: ~1.3.3
273 silly placeDep ROOT path-to-regexp@0.1.13 OK for: express@4.22.3 want: ~0.1.13
274 silly placeDep ROOT proxy-addr@2.0.8 OK for: express@4.22.3 want: ~2.0.7
275 silly placeDep ROOT qs@6.16.0 OK for: express@4.22.3 want: ~6.16.0
276 silly placeDep ROOT range-parser@1.2.1 OK for: express@4.22.3 want: ~1.2.1
277 silly placeDep ROOT send@0.19.2 OK for: express@4.22.3 want: ~0.19.0
278 silly placeDep ROOT serve-static@1.16.3 OK for: express@4.22.3 want: ~1.16.2
279 silly placeDep ROOT setprototypeof@1.2.0 OK for: express@4.22.3 want: 1.2.0
280 silly placeDep ROOT statuses@2.0.2 OK for: express@4.22.3 want: ~2.0.1
281 silly placeDep ROOT type-is@1.6.18 OK for: express@4.22.3 want: ~1.6.18
282 silly placeDep ROOT utils-merge@1.0.1 OK for: express@4.22.3 want: 1.0.1
283 silly fetch manifest mime-types@~2.1.34
284 silly packumentCache full:https://registry.npmjs.org/mime-types cache-miss
285 silly fetch manifest negotiator@0.6.3
286 silly packumentCache full:https://registry.npmjs.org/negotiator cache-hit
287 silly fetch manifest unpipe@~1.0.0
288 silly packumentCache full:https://registry.npmjs.org/unpipe cache-miss
289 silly fetch manifest raw-body@~2.5.3
290 silly packumentCache full:https://registry.npmjs.org/raw-body cache-miss
291 silly fetch manifest iconv-lite@~0.4.24
292 silly packumentCache full:https://registry.npmjs.org/iconv-lite cache-miss
293 silly fetch manifest http-errors@~2.0.1
294 silly packumentCache full:https://registry.npmjs.org/http-errors cache-hit
295 silly fetch manifest content-type@~1.0.5
296 silly packumentCache full:https://registry.npmjs.org/content-type cache-hit
297 silly fetch manifest unpipe@~1.0.0
298 silly packumentCache full:https://registry.npmjs.org/unpipe cache-miss
299 silly fetch manifest statuses@~2.0.2
300 silly packumentCache full:https://registry.npmjs.org/statuses cache-hit
301 silly fetch manifest inherits@~2.0.4
302 silly packumentCache full:https://registry.npmjs.org/inherits cache-miss
303 silly fetch manifest setprototypeof@~1.2.0
304 silly packumentCache full:https://registry.npmjs.org/setprototypeof cache-hit
305 silly fetch manifest toidentifier@~1.0.1
306 silly packumentCache full:https://registry.npmjs.org/toidentifier cache-miss
307 http fetch GET 200 https://registry.npmjs.org/mime-types 153ms (cache revalidated)
308 silly packumentCache full:https://registry.npmjs.org/mime-types set size:139110 disposed:false
309 silly fetch manifest ee-first@1.1.1
310 silly packumentCache full:https://registry.npmjs.org/ee-first cache-miss
311 http fetch GET 200 https://registry.npmjs.org/unpipe 165ms (cache revalidated)
312 silly packumentCache full:https://registry.npmjs.org/unpipe set size:3609 disposed:false
313 silly fetch manifest forwarded@0.2.0
314 silly packumentCache full:https://registry.npmjs.org/forwarded cache-miss
315 http fetch GET 200 https://registry.npmjs.org/raw-body 185ms (cache revalidated)
316 silly packumentCache full:https://registry.npmjs.org/raw-body set size:120042 disposed:false
317 silly fetch manifest ipaddr.js@1.9.1
318 silly packumentCache full:https://registry.npmjs.org/ipaddr.js cache-miss
319 http fetch GET 200 https://registry.npmjs.org/inherits 196ms (cache revalidated)
320 silly packumentCache full:https://registry.npmjs.org/inherits set size:12925 disposed:false
321 silly fetch manifest side-channel@^1.1.1
322 silly packumentCache full:https://registry.npmjs.org/side-channel cache-miss
323 http fetch GET 200 https://registry.npmjs.org/unpipe 224ms (cache revalidated)
324 silly packumentCache full:https://registry.npmjs.org/unpipe set size:3609 disposed:false
325 silly packumentCache full:https://registry.npmjs.org/unpipe dispose
326 silly fetch manifest es-define-property@^1.0.1
327 silly packumentCache full:https://registry.npmjs.org/es-define-property cache-miss
328 http fetch GET 200 https://registry.npmjs.org/iconv-lite 227ms (cache revalidated)
329 silly packumentCache full:https://registry.npmjs.org/iconv-lite set size:126462 disposed:false
330 silly fetch manifest ms@2.1.3
331 silly packumentCache full:https://registry.npmjs.org/ms cache-hit
332 silly fetch manifest mime@1.6.0
333 silly packumentCache full:https://registry.npmjs.org/mime cache-miss
334 http fetch GET 200 https://registry.npmjs.org/toidentifier 229ms (cache revalidated)
335 silly packumentCache full:https://registry.npmjs.org/toidentifier set size:12006 disposed:false
336 silly fetch manifest mime-types@~2.1.24
337 silly packumentCache full:https://registry.npmjs.org/mime-types cache-hit
338 silly fetch manifest media-typer@0.3.0
339 silly packumentCache full:https://registry.npmjs.org/media-typer cache-miss
340 http fetch GET 200 https://registry.npmjs.org/ee-first 194ms (cache revalidated)
341 silly packumentCache full:https://registry.npmjs.org/ee-first set size:15327 disposed:false
342 http fetch GET 200 https://registry.npmjs.org/side-channel 150ms (cache revalidated)
343 silly packumentCache full:https://registry.npmjs.org/side-channel set size:27650 disposed:false
344 http fetch GET 200 https://registry.npmjs.org/forwarded 200ms (cache revalidated)
345 silly packumentCache full:https://registry.npmjs.org/forwarded set size:11229 disposed:false
346 http fetch GET 200 https://registry.npmjs.org/es-define-property 159ms (cache revalidated)
347 silly packumentCache full:https://registry.npmjs.org/es-define-property set size:8542 disposed:false
348 http fetch GET 200 https://registry.npmjs.org/ipaddr.js 193ms (cache revalidated)
349 silly packumentCache full:https://registry.npmjs.org/ipaddr.js set size:84329 disposed:false
350 http fetch GET 200 https://registry.npmjs.org/mime 153ms (cache revalidated)
351 silly packumentCache full:https://registry.npmjs.org/mime set size:119236 disposed:false
352 http fetch GET 200 https://registry.npmjs.org/media-typer 160ms (cache revalidated)
353 silly packumentCache full:https://registry.npmjs.org/media-typer set size:22074 disposed:false
354 silly placeDep ROOT mime-types@2.1.35 OK for: accepts@1.3.8 want: ~2.1.34
355 silly placeDep node_modules/accepts negotiator@0.6.3 OK for: accepts@1.3.8 want: 0.6.3
356 silly fetch manifest mime-db@1.52.0
357 silly packumentCache full:https://registry.npmjs.org/mime-db cache-hit
358 silly placeDep ROOT iconv-lite@0.4.24 OK for: body-parser@1.20.8 want: ~0.4.24
359 silly placeDep ROOT raw-body@2.5.3 OK for: body-parser@1.20.8 want: ~2.5.3
360 silly placeDep ROOT unpipe@1.0.0 OK for: body-parser@1.20.8 want: ~1.0.0
361 silly fetch manifest safer-buffer@>= 2.1.2 < 3
362 silly packumentCache full:https://registry.npmjs.org/safer-buffer cache-miss
363 http fetch GET 200 https://registry.npmjs.org/safer-buffer 97ms (cache revalidated)
364 silly packumentCache full:https://registry.npmjs.org/safer-buffer set size:18521 disposed:false
365 silly placeDep ROOT inherits@2.0.4 OK for: http-errors@2.0.1 want: ~2.0.4
366 silly placeDep ROOT toidentifier@1.0.1 OK for: http-errors@2.0.1 want: ~1.0.1
367 silly placeDep ROOT safer-buffer@2.1.2 OK for: iconv-lite@0.4.24 want: >= 2.1.2 < 3
368 silly placeDep node_modules/mime-types mime-db@1.52.0 OK for: mime-types@2.1.35 want: 1.52.0
369 silly placeDep ROOT basic-auth@2.0.1 OK for: morgan@1.12.1 want: ~2.0.1
370 silly fetch manifest safe-buffer@5.1.2
371 silly packumentCache full:https://registry.npmjs.org/safe-buffer cache-hit
372 silly placeDep node_modules/basic-auth safe-buffer@5.1.2 OK for: basic-auth@2.0.1 want: 5.1.2
373 silly placeDep ROOT ee-first@1.1.1 OK for: on-finished@2.4.1 want: 1.1.1
374 silly placeDep ROOT forwarded@0.2.0 OK for: proxy-addr@2.0.8 want: 0.2.0
375 silly placeDep ROOT ipaddr.js@1.9.1 OK for: proxy-addr@2.0.8 want: 1.9.1
376 silly placeDep ROOT es-define-property@1.0.1 OK for: qs@6.16.0 want: ^1.0.1
377 silly placeDep ROOT side-channel@1.1.1 OK for: qs@6.16.0 want: ^1.1.1
378 silly fetch manifest es-errors@^1.3.0
379 silly packumentCache full:https://registry.npmjs.org/es-errors cache-miss
380 silly fetch manifest object-inspect@^1.13.4
381 silly packumentCache full:https://registry.npmjs.org/object-inspect cache-miss
382 silly fetch manifest side-channel-list@^1.0.1
383 silly packumentCache full:https://registry.npmjs.org/side-channel-list cache-miss
384 silly fetch manifest side-channel-map@^1.0.1
385 silly packumentCache full:https://registry.npmjs.org/side-channel-map cache-miss
386 silly fetch manifest side-channel-weakmap@^1.0.2
387 silly packumentCache full:https://registry.npmjs.org/side-channel-weakmap cache-miss
388 http fetch GET 200 https://registry.npmjs.org/side-channel-list 120ms (cache revalidated)
389 silly packumentCache full:https://registry.npmjs.org/side-channel-list set size:9021 disposed:false
390 http fetch GET 200 https://registry.npmjs.org/object-inspect 127ms (cache revalidated)
391 silly packumentCache full:https://registry.npmjs.org/object-inspect set size:101927 disposed:false
392 http fetch GET 200 https://registry.npmjs.org/es-errors 140ms (cache revalidated)
393 silly packumentCache full:https://registry.npmjs.org/es-errors set size:16918 disposed:false
394 http fetch GET 200 https://registry.npmjs.org/side-channel-weakmap 138ms (cache revalidated)
395 silly packumentCache full:https://registry.npmjs.org/side-channel-weakmap set size:12620 disposed:false
396 http fetch GET 200 https://registry.npmjs.org/side-channel-map 145ms (cache revalidated)
397 silly packumentCache full:https://registry.npmjs.org/side-channel-map set size:9126 disposed:false
398 silly placeDep ROOT mime@1.6.0 OK for: send@0.19.2 want: 1.6.0
399 silly placeDep node_modules/send ms@2.1.3 OK for: send@0.19.2 want: 2.1.3
400 silly placeDep ROOT es-errors@1.3.0 OK for: side-channel@1.1.1 want: ^1.3.0
401 silly placeDep ROOT object-inspect@1.13.4 OK for: side-channel@1.1.1 want: ^1.13.4
402 silly placeDep ROOT side-channel-list@1.0.1 OK for: side-channel@1.1.1 want: ^1.0.1
403 silly placeDep ROOT side-channel-map@1.0.1 OK for: side-channel@1.1.1 want: ^1.0.1
404 silly placeDep ROOT side-channel-weakmap@1.0.2 OK for: side-channel@1.1.1 want: ^1.0.2
405 silly fetch manifest call-bound@^1.0.2
406 silly packumentCache full:https://registry.npmjs.org/call-bound cache-miss
407 silly fetch manifest get-intrinsic@^1.2.5
408 silly packumentCache full:https://registry.npmjs.org/get-intrinsic cache-miss
409 silly fetch manifest call-bound@^1.0.2
410 silly packumentCache full:https://registry.npmjs.org/call-bound cache-miss
411 silly fetch manifest get-intrinsic@^1.2.5
412 silly packumentCache full:https://registry.npmjs.org/get-intrinsic cache-miss
413 http fetch GET 200 https://registry.npmjs.org/call-bound 143ms (cache revalidated)
414 silly packumentCache full:https://registry.npmjs.org/call-bound set size:15317 disposed:false
415 http fetch GET 200 https://registry.npmjs.org/call-bound 147ms (cache revalidated)
416 silly packumentCache full:https://registry.npmjs.org/call-bound set size:15317 disposed:false
417 silly packumentCache full:https://registry.npmjs.org/call-bound dispose
418 http fetch GET 200 https://registry.npmjs.org/get-intrinsic 308ms (cache revalidated)
419 silly packumentCache full:https://registry.npmjs.org/get-intrinsic set size:60985 disposed:false
420 http fetch GET 200 https://registry.npmjs.org/get-intrinsic 325ms (cache revalidated)
421 silly packumentCache full:https://registry.npmjs.org/get-intrinsic set size:60985 disposed:false
422 silly packumentCache full:https://registry.npmjs.org/get-intrinsic dispose
423 silly placeDep ROOT call-bound@1.0.4 OK for: side-channel-map@1.0.1 want: ^1.0.2
424 silly placeDep ROOT get-intrinsic@1.3.0 OK for: side-channel-map@1.0.1 want: ^1.2.5
425 silly fetch manifest call-bind-apply-helpers@^1.0.2
426 silly packumentCache full:https://registry.npmjs.org/call-bind-apply-helpers cache-miss
427 silly fetch manifest get-intrinsic@^1.3.0
428 silly packumentCache full:https://registry.npmjs.org/get-intrinsic cache-hit
429 silly fetch manifest gopd@^1.2.0
430 silly packumentCache full:https://registry.npmjs.org/gopd cache-miss
431 silly fetch manifest hasown@^2.0.2
432 silly packumentCache full:https://registry.npmjs.org/hasown cache-miss
433 silly fetch manifest get-proto@^1.0.1
434 silly packumentCache full:https://registry.npmjs.org/get-proto cache-miss
435 silly fetch manifest has-symbols@^1.1.0
436 silly packumentCache full:https://registry.npmjs.org/has-symbols cache-miss
437 silly fetch manifest function-bind@^1.1.2
438 silly packumentCache full:https://registry.npmjs.org/function-bind cache-miss
439 silly fetch manifest es-object-atoms@^1.1.1
440 silly packumentCache full:https://registry.npmjs.org/es-object-atoms cache-miss
441 http fetch GET 200 https://registry.npmjs.org/gopd 105ms (cache revalidated)
442 silly packumentCache full:https://registry.npmjs.org/gopd set size:11483 disposed:false
443 silly fetch manifest math-intrinsics@^1.1.0
444 silly packumentCache full:https://registry.npmjs.org/math-intrinsics cache-miss
445 http fetch GET 200 https://registry.npmjs.org/get-proto 122ms (cache revalidated)
446 silly packumentCache full:https://registry.npmjs.org/get-proto set size:8300 disposed:false
447 silly fetch manifest call-bind-apply-helpers@^1.0.2
448 silly packumentCache full:https://registry.npmjs.org/call-bind-apply-helpers cache-miss
449 http fetch GET 200 https://registry.npmjs.org/hasown 130ms (cache revalidated)
450 silly packumentCache full:https://registry.npmjs.org/hasown set size:18361 disposed:false
451 http fetch GET 200 https://registry.npmjs.org/has-symbols 144ms (cache revalidated)
452 silly packumentCache full:https://registry.npmjs.org/has-symbols set size:21550 disposed:false
453 http fetch GET 200 https://registry.npmjs.org/call-bind-apply-helpers 158ms (cache revalidated)
454 silly packumentCache full:https://registry.npmjs.org/call-bind-apply-helpers set size:12744 disposed:false
455 http fetch GET 200 https://registry.npmjs.org/function-bind 153ms (cache revalidated)
456 silly packumentCache full:https://registry.npmjs.org/function-bind set size:15733 disposed:false
457 http fetch GET 200 https://registry.npmjs.org/es-object-atoms 154ms (cache revalidated)
458 silly packumentCache full:https://registry.npmjs.org/es-object-atoms set size:18278 disposed:false
459 http cache https://registry.npmjs.org/call-bind-apply-helpers 49ms (cache hit)
460 silly packumentCache full:https://registry.npmjs.org/call-bind-apply-helpers set size:12744 disposed:false
461 silly packumentCache full:https://registry.npmjs.org/call-bind-apply-helpers dispose
462 http fetch GET 200 https://registry.npmjs.org/math-intrinsics 137ms (cache revalidated)
463 silly packumentCache full:https://registry.npmjs.org/math-intrinsics set size:9265 disposed:false
464 silly placeDep ROOT call-bind-apply-helpers@1.0.2 OK for: call-bound@1.0.4 want: ^1.0.2
465 silly placeDep ROOT function-bind@1.1.2 OK for: call-bind-apply-helpers@1.0.2 want: ^1.1.2
466 silly placeDep ROOT es-object-atoms@1.1.2 OK for: get-intrinsic@1.3.0 want: ^1.1.1
467 silly placeDep ROOT get-proto@1.0.1 OK for: get-intrinsic@1.3.0 want: ^1.0.1
468 silly placeDep ROOT gopd@1.2.0 OK for: get-intrinsic@1.3.0 want: ^1.2.0
469 silly placeDep ROOT has-symbols@1.1.0 OK for: get-intrinsic@1.3.0 want: ^1.1.0
470 silly placeDep ROOT hasown@2.0.4 OK for: get-intrinsic@1.3.0 want: ^2.0.2
471 silly placeDep ROOT math-intrinsics@1.1.0 OK for: get-intrinsic@1.3.0 want: ^1.1.0
472 silly fetch manifest dunder-proto@^1.0.1
473 silly packumentCache full:https://registry.npmjs.org/dunder-proto cache-miss
474 http fetch GET 200 https://registry.npmjs.org/dunder-proto 95ms (cache revalidated)
475 silly packumentCache full:https://registry.npmjs.org/dunder-proto set size:8256 disposed:false
476 silly placeDep ROOT dunder-proto@1.0.1 OK for: get-proto@1.0.1 want: ^1.0.1
477 silly placeDep ROOT base64id@2.0.0 OK for: socket.io@4.8.3 want: ~2.0.0
478 silly placeDep node_modules/socket.io debug@4.4.3 OK for: socket.io@4.8.3 want: ~4.4.1
479 silly placeDep ROOT engine.io@6.6.10 OK for: socket.io@4.8.3 want: ~6.6.0
480 silly placeDep ROOT socket.io-adapter@2.5.8 OK for: socket.io@4.8.3 want: ~2.5.2
481 silly placeDep ROOT socket.io-parser@4.2.7 OK for: socket.io@4.8.3 want: ~4.2.4
482 silly fetch manifest ms@^2.1.3
483 silly packumentCache full:https://registry.npmjs.org/ms cache-hit
484 silly fetch manifest ws@~8.21.0
485 silly packumentCache full:https://registry.npmjs.org/ws cache-miss
486 silly fetch manifest @types/ws@^8.5.12
487 silly packumentCache full:https://registry.npmjs.org/@types%2fws cache-miss
488 silly fetch manifest @types/cors@^2.8.12
489 silly packumentCache full:https://registry.npmjs.org/@types%2fcors cache-miss
490 silly fetch manifest @types/node@>=10.0.0
491 silly packumentCache full:https://registry.npmjs.org/@types%2fnode cache-miss
492 silly fetch manifest engine.io-parser@~5.2.1
493 silly packumentCache full:https://registry.npmjs.org/engine.io-parser cache-miss
494 silly fetch manifest ws@~8.21.0
495 silly packumentCache full:https://registry.npmjs.org/ws cache-miss
496 silly fetch manifest @socket.io/component-emitter@~3.1.0
497 silly packumentCache full:https://registry.npmjs.org/@socket.io%2fcomponent-emitter cache-miss
498 http fetch GET 200 https://registry.npmjs.org/ws 130ms (cache revalidated)
499 silly packumentCache full:https://registry.npmjs.org/ws set size:447661 disposed:false
500 http fetch GET 200 https://registry.npmjs.org/ws 151ms (cache revalidated)
501 silly packumentCache full:https://registry.npmjs.org/ws set size:447661 disposed:false
502 silly packumentCache full:https://registry.npmjs.org/ws dispose
503 http fetch GET 200 https://registry.npmjs.org/engine.io-parser 190ms (cache revalidated)
504 silly packumentCache full:https://registry.npmjs.org/engine.io-parser set size:116455 disposed:false
505 http fetch GET 200 https://registry.npmjs.org/@types%2fnode 293ms (cache revalidated)
506 silly packumentCache full:https://registry.npmjs.org/@types%2fnode set size:11150508 disposed:false
507 http fetch GET 200 https://registry.npmjs.org/@socket.io%2fcomponent-emitter 908ms (cache revalidated)
508 silly packumentCache full:https://registry.npmjs.org/@socket.io%2fcomponent-emitter set size:14099 disposed:false
509 http fetch GET 200 https://registry.npmjs.org/@types%2fcors 935ms (cache revalidated)
510 silly packumentCache full:https://registry.npmjs.org/@types%2fcors set size:56991 disposed:false
511 http fetch GET 200 https://registry.npmjs.org/@types%2fws 952ms (cache revalidated)
512 silly packumentCache full:https://registry.npmjs.org/@types%2fws set size:167959 disposed:false
513 silly fetch manifest bufferutil@^4.0.1
514 silly packumentCache full:https://registry.npmjs.org/bufferutil cache-miss
515 http fetch GET 200 https://registry.npmjs.org/bufferutil 93ms (cache revalidated)
516 silly packumentCache full:https://registry.npmjs.org/bufferutil set size:52668 disposed:false
517 silly fetch manifest utf-8-validate@>=5.0.2
518 silly packumentCache full:https://registry.npmjs.org/utf-8-validate cache-miss
519 http fetch GET 200 https://registry.npmjs.org/utf-8-validate 97ms (cache revalidated)
520 silly packumentCache full:https://registry.npmjs.org/utf-8-validate set size:77012 disposed:false
521 silly placeDep ROOT @types/cors@2.8.19 OK for: engine.io@6.6.10 want: ^2.8.12
522 silly placeDep ROOT @types/node@26.6.2 OK for: engine.io@6.6.10 want: >=10.0.0
523 silly placeDep ROOT @types/ws@8.18.1 OK for: engine.io@6.6.10 want: ^8.5.12
524 silly placeDep node_modules/engine.io debug@4.4.3 OK for: engine.io@6.6.10 want: ~4.4.1
525 silly placeDep ROOT engine.io-parser@5.2.3 OK for: engine.io@6.6.10 want: ~5.2.1
526 silly placeDep ROOT ws@8.21.3 OK for: engine.io@6.6.10 want: ~8.21.0
527 silly fetch manifest @types/node@*
528 silly packumentCache full:https://registry.npmjs.org/@types%2fnode cache-miss
529 silly fetch manifest undici-types@~8.9.0
530 silly packumentCache full:https://registry.npmjs.org/undici-types cache-miss
531 http cache https://registry.npmjs.org/@types%2fnode 134ms (cache hit)
532 silly packumentCache full:https://registry.npmjs.org/@types%2fnode set size:11150508 disposed:false
533 http fetch GET 200 https://registry.npmjs.org/undici-types 583ms (cache revalidated)
534 silly packumentCache full:https://registry.npmjs.org/undici-types set size:258898 disposed:false
535 silly placeDep ROOT undici-types@8.9.0 OK for: @types/node@26.6.2 want: ~8.9.0
536 silly placeDep node_modules/socket.io-adapter debug@4.4.3 OK for: socket.io-adapter@2.5.8 want: ~4.4.1
537 silly placeDep ROOT @socket.io/component-emitter@3.1.2 OK for: socket.io-parser@4.2.7 want: ~3.1.0
538 silly placeDep node_modules/socket.io-parser debug@4.4.3 OK for: socket.io-parser@4.2.7 want: ~4.4.1
539 silly placeDep ROOT media-typer@0.3.0 OK for: type-is@1.6.18 want: 0.3.0
540 silly placeDep node_modules/engine.io ms@2.1.3 OK for: debug@4.4.3 want: ^2.1.3
541 silly placeDep node_modules/socket.io-adapter ms@2.1.3 OK for: debug@4.4.3 want: ^2.1.3
542 silly placeDep node_modules/socket.io-parser ms@2.1.3 OK for: debug@4.4.3 want: ^2.1.3
543 silly placeDep node_modules/socket.io ms@2.1.3 OK for: debug@4.4.3 want: ^2.1.3
544 silly reify moves {}
545 silly audit bulk request {
545 silly audit   compression: [ '1.8.2' ],
545 silly audit   cors: [ '2.8.6' ],
545 silly audit   dotenv: [ '16.6.1' ],
545 silly audit   express: [ '4.22.3' ],
545 silly audit   'express-rate-limit': [ '7.5.1' ],
545 silly audit   helmet: [ '7.2.0' ],
545 silly audit   morgan: [ '1.12.1' ],
545 silly audit   'socket.io': [ '4.8.3' ],
545 silly audit   uuid: [ '9.0.1' ],
545 silly audit   bytes: [ '3.1.2' ],
545 silly audit   compressible: [ '2.0.18' ],
545 silly audit   debug: [ '2.6.9', '4.4.3' ],
545 silly audit   destroy: [ '1.2.0' ],
545 silly audit   negotiator: [ '0.6.4', '0.6.3' ],
545 silly audit   'on-headers': [ '1.1.0' ],
545 silly audit   'safe-buffer': [ '5.2.1', '5.1.2' ],
545 silly audit   vary: [ '1.1.2' ],
545 silly audit   'mime-db': [ '1.54.0', '1.52.0' ],
545 silly audit   'object-assign': [ '4.1.1' ],
545 silly audit   ms: [ '2.0.0', '2.1.3' ],
545 silly audit   accepts: [ '1.3.8' ],
545 silly audit   'array-flatten': [ '1.1.1' ],
545 silly audit   'body-parser': [ '1.20.8' ],
545 silly audit   'content-disposition': [ '0.5.4' ],
545 silly audit   'content-type': [ '1.0.5' ],
545 silly audit   cookie: [ '0.7.2' ],
545 silly audit   'cookie-signature': [ '1.0.7' ],
545 silly audit   depd: [ '2.0.0' ],
545 silly audit   encodeurl: [ '2.0.0' ],
545 silly audit   'escape-html': [ '1.0.3' ],
545 silly audit   etag: [ '1.8.1' ],
545 silly audit   finalhandler: [ '1.3.2' ],
545 silly audit   fresh: [ '0.5.2' ],
545 silly audit   'http-errors': [ '2.0.1' ],
545 silly audit   'merge-descriptors': [ '1.0.3' ],
545 silly audit   methods: [ '1.1.2' ],
545 silly audit   'on-finished': [ '2.4.1' ],
545 silly audit   parseurl: [ '1.3.3' ],
545 silly audit   'path-to-regexp': [ '0.1.13' ],
545 silly audit   'proxy-addr': [ '2.0.8' ],
545 silly audit   qs: [ '6.16.0' ],
545 silly audit   'range-parser': [ '1.2.1' ],
545 silly audit   send: [ '0.19.2' ],
545 silly audit   'serve-static': [ '1.16.3' ],
545 silly audit   setprototypeof: [ '1.2.0' ],
545 silly audit   statuses: [ '2.0.2' ],
545 silly audit   'type-is': [ '1.6.18' ],
545 silly audit   'utils-merge': [ '1.0.1' ],
545 silly audit   'mime-types': [ '2.1.35' ],
545 silly audit   'iconv-lite': [ '0.4.24' ],
545 silly audit   'raw-body': [ '2.5.3' ],
545 silly audit   unpipe: [ '1.0.0' ],
545 silly audit   inherits: [ '2.0.4' ],
545 silly audit   toidentifier: [ '1.0.1' ],
545 silly audit   'safer-buffer': [ '2.1.2' ],
545 silly audit   'basic-auth': [ '2.0.1' ],
545 silly audit   'ee-first': [ '1.1.1' ],
545 silly audit   forwarded: [ '0.2.0' ],
545 silly audit   'ipaddr.js': [ '1.9.1' ],
545 silly audit   'es-define-property': [ '1.0.1' ],
545 silly audit   'side-channel': [ '1.1.1' ],
545 silly audit   mime: [ '1.6.0' ],
545 silly audit   'es-errors': [ '1.3.0' ],
545 silly audit   'object-inspect': [ '1.13.4' ],
545 silly audit   'side-channel-list': [ '1.0.1' ],
545 silly audit   'side-channel-map': [ '1.0.1' ],
545 silly audit   'side-channel-weakmap': [ '1.0.2' ],
545 silly audit   'call-bound': [ '1.0.4' ],
545 silly audit   'get-intrinsic': [ '1.3.0' ],
545 silly audit   'call-bind-apply-helpers': [ '1.0.2' ],
545 silly audit   'function-bind': [ '1.1.2' ],
545 silly audit   'es-object-atoms': [ '1.1.2' ],
545 silly audit   'get-proto': [ '1.0.1' ],
545 silly audit   gopd: [ '1.2.0' ],
545 silly audit   'has-symbols': [ '1.1.0' ],
545 silly audit   hasown: [ '2.0.4' ],
545 silly audit   'math-intrinsics': [ '1.1.0' ],
545 silly audit   'dunder-proto': [ '1.0.1' ],
545 silly audit   base64id: [ '2.0.0' ],
545 silly audit   'engine.io': [ '6.6.10' ],
545 silly audit   'socket.io-adapter': [ '2.5.8' ],
545 silly audit   'socket.io-parser': [ '4.2.7' ],
545 silly audit   '@types/cors': [ '2.8.19' ],
545 silly audit   '@types/node': [ '26.6.2' ],
545 silly audit   '@types/ws': [ '8.18.1' ],
545 silly audit   'engine.io-parser': [ '5.2.3' ],
545 silly audit   ws: [ '8.21.3' ],
545 silly audit   'undici-types': [ '8.9.0' ],
545 silly audit   '@socket.io/component-emitter': [ '3.1.2' ],
545 silly audit   'media-typer': [ '0.3.0' ]
545 silly audit }
546 http cache media-typer@https://registry.npmjs.org/media-typer/-/media-typer-0.3.0.tgz 1ms (cache hit)
547 http cache @socket.io/component-emitter@https://registry.npmjs.org/@socket.io/component-emitter/-/component-emitter-3.1.2.tgz 0ms (cache hit)
548 http cache undici-types@https://registry.npmjs.org/undici-types/-/undici-types-8.9.0.tgz 0ms (cache hit)
549 http cache ws@https://registry.npmjs.org/ws/-/ws-8.21.3.tgz 0ms (cache hit)
550 http cache engine.io-parser@https://registry.npmjs.org/engine.io-parser/-/engine.io-parser-5.2.3.tgz 0ms (cache hit)
551 http cache @types/ws@https://registry.npmjs.org/@types/ws/-/ws-8.18.1.tgz 0ms (cache hit)
552 http cache @types/cors@https://registry.npmjs.org/@types/cors/-/cors-2.8.19.tgz 0ms (cache hit)
553 http cache @types/node@https://registry.npmjs.org/@types/node/-/node-26.6.2.tgz 0ms (cache hit)
554 http cache socket.io-parser@https://registry.npmjs.org/socket.io-parser/-/socket.io-parser-4.2.7.tgz 0ms (cache hit)
555 http cache socket.io-adapter@https://registry.npmjs.org/socket.io-adapter/-/socket.io-adapter-2.5.8.tgz 0ms (cache hit)
556 http cache engine.io@https://registry.npmjs.org/engine.io/-/engine.io-6.6.10.tgz 0ms (cache hit)
557 http cache base64id@https://registry.npmjs.org/base64id/-/base64id-2.0.0.tgz 0ms (cache hit)
558 http cache dunder-proto@https://registry.npmjs.org/dunder-proto/-/dunder-proto-1.0.1.tgz 0ms (cache hit)
559 http cache math-intrinsics@https://registry.npmjs.org/math-intrinsics/-/math-intrinsics-1.1.0.tgz 0ms (cache hit)
560 http cache gopd@https://registry.npmjs.org/gopd/-/gopd-1.2.0.tgz 1ms (cache hit)
561 http cache has-symbols@https://registry.npmjs.org/has-symbols/-/has-symbols-1.1.0.tgz 0ms (cache hit)
562 http cache hasown@https://registry.npmjs.org/hasown/-/hasown-2.0.4.tgz 0ms (cache hit)
563 http cache get-proto@https://registry.npmjs.org/get-proto/-/get-proto-1.0.1.tgz 0ms (cache hit)
564 http cache es-object-atoms@https://registry.npmjs.org/es-object-atoms/-/es-object-atoms-1.1.2.tgz 0ms (cache hit)
565 http cache function-bind@https://registry.npmjs.org/function-bind/-/function-bind-1.1.2.tgz 0ms (cache hit)
566 http cache call-bind-apply-helpers@https://registry.npmjs.org/call-bind-apply-helpers/-/call-bind-apply-helpers-1.0.2.tgz 0ms (cache hit)
567 http cache get-intrinsic@https://registry.npmjs.org/get-intrinsic/-/get-intrinsic-1.3.0.tgz 0ms (cache hit)
568 http cache call-bound@https://registry.npmjs.org/call-bound/-/call-bound-1.0.4.tgz 0ms (cache hit)
569 http cache side-channel-weakmap@https://registry.npmjs.org/side-channel-weakmap/-/side-channel-weakmap-1.0.2.tgz 0ms (cache hit)
570 http cache side-channel-map@https://registry.npmjs.org/side-channel-map/-/side-channel-map-1.0.1.tgz 0ms (cache hit)
571 http cache side-channel-list@https://registry.npmjs.org/side-channel-list/-/side-channel-list-1.0.1.tgz 0ms (cache hit)
572 http cache es-errors@https://registry.npmjs.org/es-errors/-/es-errors-1.3.0.tgz 0ms (cache hit)
573 http cache object-inspect@https://registry.npmjs.org/object-inspect/-/object-inspect-1.13.4.tgz 0ms (cache hit)
574 http cache mime@https://registry.npmjs.org/mime/-/mime-1.6.0.tgz 1ms (cache hit)
575 http cache side-channel@https://registry.npmjs.org/side-channel/-/side-channel-1.1.1.tgz 0ms (cache hit)
576 http cache es-define-property@https://registry.npmjs.org/es-define-property/-/es-define-property-1.0.1.tgz 0ms (cache hit)
577 http cache ipaddr.js@https://registry.npmjs.org/ipaddr.js/-/ipaddr.js-1.9.1.tgz 0ms (cache hit)
578 http cache forwarded@https://registry.npmjs.org/forwarded/-/forwarded-0.2.0.tgz 0ms (cache hit)
579 http cache ee-first@https://registry.npmjs.org/ee-first/-/ee-first-1.1.1.tgz 0ms (cache hit)
580 http cache basic-auth@https://registry.npmjs.org/basic-auth/-/basic-auth-2.0.1.tgz 0ms (cache hit)
581 http cache safer-buffer@https://registry.npmjs.org/safer-buffer/-/safer-buffer-2.1.2.tgz 0ms (cache hit)
582 http cache toidentifier@https://registry.npmjs.org/toidentifier/-/toidentifier-1.0.1.tgz 0ms (cache hit)
583 http cache inherits@https://registry.npmjs.org/inherits/-/inherits-2.0.4.tgz 0ms (cache hit)
584 http cache unpipe@https://registry.npmjs.org/unpipe/-/unpipe-1.0.0.tgz 0ms (cache hit)
585 http cache raw-body@https://registry.npmjs.org/raw-body/-/raw-body-2.5.3.tgz 1ms (cache hit)
586 http cache iconv-lite@https://registry.npmjs.org/iconv-lite/-/iconv-lite-0.4.24.tgz 0ms (cache hit)
587 http cache mime-types@https://registry.npmjs.org/mime-types/-/mime-types-2.1.35.tgz 0ms (cache hit)
588 http cache utils-merge@https://registry.npmjs.org/utils-merge/-/utils-merge-1.0.1.tgz 0ms (cache hit)
589 http cache type-is@https://registry.npmjs.org/type-is/-/type-is-1.6.18.tgz 0ms (cache hit)
590 http cache statuses@https://registry.npmjs.org/statuses/-/statuses-2.0.2.tgz 0ms (cache hit)
591 http cache setprototypeof@https://registry.npmjs.org/setprototypeof/-/setprototypeof-1.2.0.tgz 0ms (cache hit)
592 http cache serve-static@https://registry.npmjs.org/serve-static/-/serve-static-1.16.3.tgz 0ms (cache hit)
593 http cache send@https://registry.npmjs.org/send/-/send-0.19.2.tgz 1ms (cache hit)
594 http cache range-parser@https://registry.npmjs.org/range-parser/-/range-parser-1.2.1.tgz 0ms (cache hit)
595 http cache qs@https://registry.npmjs.org/qs/-/qs-6.16.0.tgz 0ms (cache hit)
596 http cache proxy-addr@https://registry.npmjs.org/proxy-addr/-/proxy-addr-2.0.8.tgz 0ms (cache hit)
597 http cache path-to-regexp@https://registry.npmjs.org/path-to-regexp/-/path-to-regexp-0.1.13.tgz 0ms (cache hit)
598 http cache parseurl@https://registry.npmjs.org/parseurl/-/parseurl-1.3.3.tgz 0ms (cache hit)
599 http cache on-finished@https://registry.npmjs.org/on-finished/-/on-finished-2.4.1.tgz 0ms (cache hit)
600 http cache methods@https://registry.npmjs.org/methods/-/methods-1.1.2.tgz 0ms (cache hit)
601 http cache merge-descriptors@https://registry.npmjs.org/merge-descriptors/-/merge-descriptors-1.0.3.tgz 0ms (cache hit)
602 http cache http-errors@https://registry.npmjs.org/http-errors/-/http-errors-2.0.1.tgz 0ms (cache hit)
603 http cache fresh@https://registry.npmjs.org/fresh/-/fresh-0.5.2.tgz 0ms (cache hit)
604 http cache finalhandler@https://registry.npmjs.org/finalhandler/-/finalhandler-1.3.2.tgz 0ms (cache hit)
605 http cache etag@https://registry.npmjs.org/etag/-/etag-1.8.1.tgz 1ms (cache hit)
606 http cache escape-html@https://registry.npmjs.org/escape-html/-/escape-html-1.0.3.tgz 0ms (cache hit)
607 http cache encodeurl@https://registry.npmjs.org/encodeurl/-/encodeurl-2.0.0.tgz 0ms (cache hit)
608 http cache depd@https://registry.npmjs.org/depd/-/depd-2.0.0.tgz 0ms (cache hit)
609 http cache cookie-signature@https://registry.npmjs.org/cookie-signature/-/cookie-signature-1.0.7.tgz 0ms (cache hit)
610 http cache cookie@https://registry.npmjs.org/cookie/-/cookie-0.7.2.tgz 0ms (cache hit)
611 http cache content-type@https://registry.npmjs.org/content-type/-/content-type-1.0.5.tgz 0ms (cache hit)
612 http cache content-disposition@https://registry.npmjs.org/content-disposition/-/content-disposition-0.5.4.tgz 0ms (cache hit)
613 http cache body-parser@https://registry.npmjs.org/body-parser/-/body-parser-1.20.8.tgz 0ms (cache hit)
614 http cache accepts@https://registry.npmjs.org/accepts/-/accepts-1.3.8.tgz 0ms (cache hit)
615 http cache array-flatten@https://registry.npmjs.org/array-flatten/-/array-flatten-1.1.1.tgz 0ms (cache hit)
616 http cache ms@https://registry.npmjs.org/ms/-/ms-2.0.0.tgz 0ms (cache hit)
617 http cache object-assign@https://registry.npmjs.org/object-assign/-/object-assign-4.1.1.tgz 0ms (cache hit)
618 http cache mime-db@https://registry.npmjs.org/mime-db/-/mime-db-1.54.0.tgz 0ms (cache hit)
619 http cache vary@https://registry.npmjs.org/vary/-/vary-1.1.2.tgz 0ms (cache hit)
620 http cache safe-buffer@https://registry.npmjs.org/safe-buffer/-/safe-buffer-5.2.1.tgz 0ms (cache hit)
621 http cache on-headers@https://registry.npmjs.org/on-headers/-/on-headers-1.1.0.tgz 0ms (cache hit)
622 http cache negotiator@https://registry.npmjs.org/negotiator/-/negotiator-0.6.4.tgz 0ms (cache hit)
623 http cache destroy@https://registry.npmjs.org/destroy/-/destroy-1.2.0.tgz 0ms (cache hit)
624 http cache debug@https://registry.npmjs.org/debug/-/debug-2.6.9.tgz 0ms (cache hit)
625 http cache compressible@https://registry.npmjs.org/compressible/-/compressible-2.0.18.tgz 0ms (cache hit)
626 http cache uuid@https://registry.npmjs.org/uuid/-/uuid-9.0.1.tgz 0ms (cache hit)
627 http cache bytes@https://registry.npmjs.org/bytes/-/bytes-3.1.2.tgz 0ms (cache hit)
628 http cache socket.io@https://registry.npmjs.org/socket.io/-/socket.io-4.8.3.tgz 0ms (cache hit)
629 http cache morgan@https://registry.npmjs.org/morgan/-/morgan-1.12.1.tgz 0ms (cache hit)
630 http cache helmet@https://registry.npmjs.org/helmet/-/helmet-7.2.0.tgz 0ms (cache hit)
631 http cache express-rate-limit@https://registry.npmjs.org/express-rate-limit/-/express-rate-limit-7.5.1.tgz 0ms (cache hit)
632 http cache express@https://registry.npmjs.org/express/-/express-4.22.3.tgz 0ms (cache hit)
633 http cache dotenv@https://registry.npmjs.org/dotenv/-/dotenv-16.6.1.tgz 0ms (cache hit)
634 http cache cors@https://registry.npmjs.org/cors/-/cors-2.8.6.tgz 0ms (cache hit)
635 http cache compression@https://registry.npmjs.org/compression/-/compression-1.8.2.tgz 0ms (cache hit)
636 http cache debug@https://registry.npmjs.org/debug/-/debug-4.4.3.tgz 0ms (cache hit)
637 http cache ms@https://registry.npmjs.org/ms/-/ms-2.1.3.tgz 0ms (cache hit)
638 http cache ms@https://registry.npmjs.org/ms/-/ms-2.1.3.tgz 0ms (cache hit)
639 http cache debug@https://registry.npmjs.org/debug/-/debug-4.4.3.tgz 0ms (cache hit)
640 http cache debug@https://registry.npmjs.org/debug/-/debug-4.4.3.tgz 0ms (cache hit)
641 http cache ms@https://registry.npmjs.org/ms/-/ms-2.1.3.tgz 0ms (cache hit)
642 http cache safe-buffer@https://registry.npmjs.org/safe-buffer/-/safe-buffer-5.1.2.tgz 0ms (cache hit)
643 http cache mime-db@https://registry.npmjs.org/mime-db/-/mime-db-1.52.0.tgz 1ms (cache hit)
644 http cache ms@https://registry.npmjs.org/ms/-/ms-2.1.3.tgz 0ms (cache hit)
645 http cache negotiator@https://registry.npmjs.org/negotiator/-/negotiator-0.6.3.tgz 0ms (cache hit)
646 http cache ms@https://registry.npmjs.org/ms/-/ms-2.1.3.tgz 0ms (cache hit)
647 http cache debug@https://registry.npmjs.org/debug/-/debug-4.4.3.tgz 1ms (cache hit)
648 http fetch POST 200 https://registry.npmjs.org/-/npm/v1/security/advisories/bulk 838ms
649 silly audit report {
649 silly audit report   uuid: [
649 silly audit report     {
649 silly audit report       id: 1119441,
649 silly audit report       url: 'https://github.com/advisories/GHSA-w5hq-g745-h8pq',
649 silly audit report       title: 'uuid: Missing buffer bounds check in v3/v5/v6 when buf is provided',
649 silly audit report       severity: 'moderate',
649 silly audit report       vulnerable_versions: '<11.1.1',
649 silly audit report       cwe: [Array],
649 silly audit report       cvss: [Object]
649 silly audit report     }
649 silly audit report   ]
649 silly audit report }
650 silly packumentCache corgi:https://registry.npmjs.org/uuid cache-miss
651 http fetch GET 200 https://registry.npmjs.org/uuid 462ms (cache revalidated)
652 silly packumentCache corgi:https://registry.npmjs.org/uuid set size:84321 disposed:false
653 warn deprecated uuid@9.0.1: uuid@10 and below is no longer supported.  For ESM codebases, update to uuid@latest.  For CommonJS codebases, use uuid@11 (but be aware this version will likely be deprecated in 2028).
654 silly ADD node_modules/media-typer
655 silly ADD node_modules/@socket.io/component-emitter
656 silly ADD node_modules/undici-types
657 silly ADD node_modules/ws
658 silly ADD node_modules/engine.io-parser
659 silly ADD node_modules/@types/ws
660 silly ADD node_modules/@types/node
661 silly ADD node_modules/@types/cors
662 silly ADD node_modules/socket.io-parser
663 silly ADD node_modules/socket.io-parser/node_modules/ms
664 silly ADD node_modules/socket.io-parser/node_modules/debug
665 silly ADD node_modules/socket.io-adapter
666 silly ADD node_modules/socket.io-adapter/node_modules/ms
667 silly ADD node_modules/socket.io-adapter/node_modules/debug
668 silly ADD node_modules/engine.io
669 silly ADD node_modules/engine.io/node_modules/ms
670 silly ADD node_modules/engine.io/node_modules/debug
671 silly ADD node_modules/base64id
672 silly ADD node_modules/dunder-proto
673 silly ADD node_modules/math-intrinsics
674 silly ADD node_modules/hasown
675 silly ADD node_modules/has-symbols
676 silly ADD node_modules/gopd
677 silly ADD node_modules/get-proto
678 silly ADD node_modules/es-object-atoms
679 silly ADD node_modules/function-bind
680 silly ADD node_modules/call-bind-apply-helpers
681 silly ADD node_modules/get-intrinsic
682 silly ADD node_modules/call-bound
683 silly ADD node_modules/side-channel-weakmap
684 silly ADD node_modules/side-channel-map
685 silly ADD node_modules/side-channel-list
686 silly ADD node_modules/object-inspect
687 silly ADD node_modules/es-errors
688 silly ADD node_modules/mime
689 silly ADD node_modules/side-channel
690 silly ADD node_modules/es-define-property
691 silly ADD node_modules/ipaddr.js
692 silly ADD node_modules/forwarded
693 silly ADD node_modules/ee-first
694 silly ADD node_modules/basic-auth
695 silly ADD node_modules/basic-auth/node_modules/safe-buffer
696 silly ADD node_modules/safer-buffer
697 silly ADD node_modules/toidentifier
698 silly ADD node_modules/inherits
699 silly ADD node_modules/unpipe
700 silly ADD node_modules/raw-body
701 silly ADD node_modules/iconv-lite
702 silly ADD node_modules/mime-types
703 silly ADD node_modules/mime-types/node_modules/mime-db
704 silly ADD node_modules/utils-merge
705 silly ADD node_modules/type-is
706 silly ADD node_modules/statuses
707 silly ADD node_modules/setprototypeof
708 silly ADD node_modules/serve-static
709 silly ADD node_modules/send
710 silly ADD node_modules/send/node_modules/ms
711 silly ADD node_modules/range-parser
712 silly ADD node_modules/qs
713 silly ADD node_modules/proxy-addr
714 silly ADD node_modules/path-to-regexp
715 silly ADD node_modules/parseurl
716 silly ADD node_modules/on-finished
717 silly ADD node_modules/methods
718 silly ADD node_modules/merge-descriptors
719 silly ADD node_modules/http-errors
720 silly ADD node_modules/fresh
721 silly ADD node_modules/finalhandler
722 silly ADD node_modules/etag
723 silly ADD node_modules/escape-html
724 silly ADD node_modules/encodeurl
725 silly ADD node_modules/depd
726 silly ADD node_modules/cookie-signature
727 silly ADD node_modules/cookie
728 silly ADD node_modules/content-type
729 silly ADD node_modules/content-disposition
730 silly ADD node_modules/body-parser
731 silly ADD node_modules/array-flatten
732 silly ADD node_modules/accepts
733 silly ADD node_modules/accepts/node_modules/negotiator
734 silly ADD node_modules/ms
735 silly ADD node_modules/object-assign
736 silly ADD node_modules/mime-db
737 silly ADD node_modules/vary
738 silly ADD node_modules/safe-buffer
739 silly ADD node_modules/on-headers
740 silly ADD node_modules/negotiator
741 silly ADD node_modules/destroy
742 silly ADD node_modules/debug
743 silly ADD node_modules/compressible
744 silly ADD node_modules/bytes
745 silly ADD node_modules/uuid
746 silly ADD node_modules/socket.io
747 silly ADD node_modules/socket.io/node_modules/ms
748 silly ADD node_modules/socket.io/node_modules/debug
749 silly ADD node_modules/morgan
750 silly ADD node_modules/helmet
751 silly ADD node_modules/express-rate-limit
752 silly ADD node_modules/express
753 silly ADD node_modules/dotenv
754 silly ADD node_modules/cors
755 silly ADD node_modules/compression
756 verbose cwd /data/data/com.termux/files/home/lamha
757 verbose os Linux 5.10.237-android12-9-00014-gf82f7360927e-ab14119954
758 verbose node v26.3.1
759 verbose npm  v11.17.0
760 verbose exit 0
761 info ok
