0 verbose cli /data/data/com.termux/files/usr/bin/node /data/data/com.termux/files/usr/bin/npm
1 info using npm@11.17.0
2 info using node@v26.3.1
3 silly config load:file:/data/data/com.termux/files/usr/lib/node_modules/npm/npmrc
4 silly config load:file:/data/data/com.termux/files/home/lamha/.npmrc
5 silly config load:file:/data/data/com.termux/files/home/.npmrc
6 silly config load:file:/data/data/com.termux/files/usr/etc/npmrc
7 verbose title npm install
8 verbose argv "install"
9 verbose logfile logs-max:10 dir:/data/data/com.termux/files/home/.npm/_logs/2026-09-21T22_24_45_912Z-
10 verbose logfile /data/data/com.termux/files/home/.npm/_logs/2026-09-21T22_24_45_912Z-debug-0.log
11 silly logfile start cleaning logs, removing 1 files
12 silly logfile done cleaning log files
13 silly packumentCache heap:812646400 maxSize:203161600 maxEntrySize:101580800
14 silly idealTree buildDeps
15 silly reify moves {}
16 silly audit bulk request {
16 silly audit   '@socket.io/component-emitter': [ '3.1.2' ],
16 silly audit   '@types/cors': [ '2.8.19' ],
16 silly audit   '@types/node': [ '26.6.2' ],
16 silly audit   '@types/ws': [ '8.18.1' ],
16 silly audit   accepts: [ '1.3.8' ],
16 silly audit   negotiator: [ '0.6.3', '0.6.4' ],
16 silly audit   'array-flatten': [ '1.1.1' ],
16 silly audit   base64id: [ '2.0.0' ],
16 silly audit   'basic-auth': [ '2.0.1' ],
16 silly audit   'safe-buffer': [ '5.1.2', '5.2.1' ],
16 silly audit   'body-parser': [ '1.20.8' ],
16 silly audit   bytes: [ '3.1.2' ],
16 silly audit   'call-bind-apply-helpers': [ '1.0.2' ],
16 silly audit   'call-bound': [ '1.0.4' ],
16 silly audit   compressible: [ '2.0.18' ],
16 silly audit   compression: [ '1.8.2' ],
16 silly audit   'content-disposition': [ '0.5.4' ],
16 silly audit   'content-type': [ '1.0.5' ],
16 silly audit   cookie: [ '0.7.2' ],
16 silly audit   'cookie-signature': [ '1.0.7' ],
16 silly audit   cors: [ '2.8.6' ],
16 silly audit   debug: [ '2.6.9', '4.4.3' ],
16 silly audit   depd: [ '2.0.0' ],
16 silly audit   destroy: [ '1.2.0' ],
16 silly audit   dotenv: [ '16.6.1' ],
16 silly audit   'dunder-proto': [ '1.0.1' ],
16 silly audit   'ee-first': [ '1.1.1' ],
16 silly audit   encodeurl: [ '2.0.0' ],
16 silly audit   'engine.io': [ '6.6.10' ],
16 silly audit   'engine.io-parser': [ '5.2.3' ],
16 silly audit   ms: [ '2.1.3', '2.0.0' ],
16 silly audit   'es-define-property': [ '1.0.1' ],
16 silly audit   'es-errors': [ '1.3.0' ],
16 silly audit   'es-object-atoms': [ '1.1.2' ],
16 silly audit   'escape-html': [ '1.0.3' ],
16 silly audit   etag: [ '1.8.1' ],
16 silly audit   express: [ '4.22.3' ],
16 silly audit   'express-rate-limit': [ '7.5.1' ],
16 silly audit   finalhandler: [ '1.3.2' ],
16 silly audit   forwarded: [ '0.2.0' ],
16 silly audit   fresh: [ '0.5.2' ],
16 silly audit   'function-bind': [ '1.1.2' ],
16 silly audit   'get-intrinsic': [ '1.3.0' ],
16 silly audit   'get-proto': [ '1.0.1' ],
16 silly audit   gopd: [ '1.2.0' ],
16 silly audit   'has-symbols': [ '1.1.0' ],
16 silly audit   hasown: [ '2.0.4' ],
16 silly audit   helmet: [ '7.2.0' ],
16 silly audit   'http-errors': [ '2.0.1' ],
16 silly audit   'iconv-lite': [ '0.4.24' ],
16 silly audit   inherits: [ '2.0.4' ],
16 silly audit   'ipaddr.js': [ '1.9.1' ],
16 silly audit   'math-intrinsics': [ '1.1.0' ],
16 silly audit   'media-typer': [ '0.3.0' ],
16 silly audit   'merge-descriptors': [ '1.0.3' ],
16 silly audit   methods: [ '1.1.2' ],
16 silly audit   mime: [ '1.6.0' ],
16 silly audit   'mime-db': [ '1.54.0', '1.52.0' ],
16 silly audit   'mime-types': [ '2.1.35' ],
16 silly audit   morgan: [ '1.12.1' ],
16 silly audit   'object-assign': [ '4.1.1' ],
16 silly audit   'object-inspect': [ '1.13.4' ],
16 silly audit   'on-finished': [ '2.4.1' ],
16 silly audit   'on-headers': [ '1.1.0' ],
16 silly audit   parseurl: [ '1.3.3' ],
16 silly audit   'path-to-regexp': [ '0.1.13' ],
16 silly audit   'proxy-addr': [ '2.0.8' ],
16 silly audit   qs: [ '6.16.0' ],
16 silly audit   'range-parser': [ '1.2.1' ],
16 silly audit   'raw-body': [ '2.5.3' ],
16 silly audit   'safer-buffer': [ '2.1.2' ],
16 silly audit   send: [ '0.19.2' ],
16 silly audit   'serve-static': [ '1.16.3' ],
16 silly audit   setprototypeof: [ '1.2.0' ],
16 silly audit   'side-channel': [ '1.1.1' ],
16 silly audit   'side-channel-list': [ '1.0.1' ],
16 silly audit   'side-channel-map': [ '1.0.1' ],
16 silly audit   'side-channel-weakmap': [ '1.0.2' ],
16 silly audit   'socket.io': [ '4.8.3' ],
16 silly audit   'socket.io-adapter': [ '2.5.8' ],
16 silly audit   'socket.io-parser': [ '4.2.7' ],
16 silly audit   statuses: [ '2.0.2' ],
16 silly audit   toidentifier: [ '1.0.1' ],
16 silly audit   'type-is': [ '1.6.18' ],
16 silly audit   'undici-types': [ '8.9.0' ],
16 silly audit   unpipe: [ '1.0.0' ],
16 silly audit   'utils-merge': [ '1.0.1' ],
16 silly audit   uuid: [ '9.0.1' ],
16 silly audit   vary: [ '1.1.2' ],
16 silly audit   ws: [ '8.21.3' ]
16 silly audit }
17 http fetch POST 200 https://registry.npmjs.org/-/npm/v1/security/advisories/bulk 782ms
18 silly audit report {
18 silly audit report   uuid: [
18 silly audit report     {
18 silly audit report       id: 1119441,
18 silly audit report       url: 'https://github.com/advisories/GHSA-w5hq-g745-h8pq',
18 silly audit report       title: 'uuid: Missing buffer bounds check in v3/v5/v6 when buf is provided',
18 silly audit report       severity: 'moderate',
18 silly audit report       vulnerable_versions: '<11.1.1',
18 silly audit report       cwe: [Array],
18 silly audit report       cvss: [Object]
18 silly audit report     }
18 silly audit report   ]
18 silly audit report }
19 silly packumentCache corgi:https://registry.npmjs.org/uuid cache-miss
20 http fetch GET 200 https://registry.npmjs.org/uuid 126ms (cache revalidated)
21 silly packumentCache corgi:https://registry.npmjs.org/uuid set size:84321 disposed:false
22 verbose cwd /data/data/com.termux/files/home/lamha
23 verbose os Linux 5.10.237-android12-9-00014-gf82f7360927e-ab14119954
24 verbose node v26.3.1
25 verbose npm  v11.17.0
26 verbose exit 0
27 info ok
